#
# There is insufficient memory for the Java Runtime Environment to continue.
# Native memory allocation (malloc) failed to allocate 1890416 bytes for Chunk::new
# Possible reasons:
#   The system is out of physical RAM or swap space
#   The process is running with CompressedOops enabled, and the Java Heap may be blocking the growth of the native heap
# Possible solutions:
#   Reduce memory load on the system
#   Increase physical memory or swap space
#   Check if swap backing store is full
#   Decrease Java heap size (-Xmx/-Xms)
#   Decrease number of Java threads
#   Decrease Java thread stack sizes (-Xss)
#   Set larger code cache with -XX:ReservedCodeCacheSize=
#   JVM is running with Zero Based Compressed Oops mode in which the Java heap is
#     placed in the first 32GB address space. The Java Heap base address is the
#     maximum limit for the native heap growth. Please use -XX:HeapBaseMinAddress
#     to set the Java Heap base and to place the Java Heap above 32GB virtual address.
# This output file may be truncated or incomplete.
#
#  Out of Memory Error (arena.cpp:189), pid=2616, tid=11220
#
# JRE version: Java(TM) SE Runtime Environment (17.0.12+8) (build 17.0.12+8-LTS-286)
# Java VM: Java HotSpot(TM) 64-Bit Server VM (17.0.12+8-LTS-286, mixed mode, sharing, tiered, compressed oops, compressed class ptrs, g1 gc, windows-amd64)
# No core dump will be written. Minidumps are not enabled by default on client versions of Windows
#

---------------  S U M M A R Y ------------

Command Line: --add-opens=java.base/java.lang=ALL-UNNAMED --add-opens=java.base/java.lang.invoke=ALL-UNNAMED --add-opens=java.base/java.util=ALL-UNNAMED --add-opens=java.prefs/java.util.prefs=ALL-UNNAMED --add-exports=jdk.compiler/com.sun.tools.javac.api=ALL-UNNAMED --add-exports=jdk.compiler/com.sun.tools.javac.util=ALL-UNNAMED --add-opens=java.base/java.util=ALL-UNNAMED --add-opens=java.prefs/java.util.prefs=ALL-UNNAMED --add-opens=java.base/java.nio.charset=ALL-UNNAMED --add-opens=java.base/java.net=ALL-UNNAMED --add-opens=java.base/java.util.concurrent.atomic=ALL-UNNAMED --add-opens=java.xml/javax.xml.namespace=ALL-UNNAMED -XX:MaxMetaspaceSize=4G -XX:ReservedCodeCacheSize=512m -XX:+HeapDumpOnOutOfMemoryError -Xmx8G -Dfile.encoding=UTF-8 -Duser.country=IN -Duser.language=en -Duser.variant -javaagent:C:\Users\anshu\.gradle\wrapper\dists\gradle-8.12-all\ejduaidbjup3bmmkhw3rie4zb\gradle-8.12\lib\agents\gradle-instrumentation-agent-8.12.jar org.gradle.launcher.daemon.bootstrap.GradleDaemon 8.12

Host: AMD Ryzen 5 5500U with Radeon Graphics         , 12 cores, 7G,  Windows 11 , 64 bit Build 26100 (10.0.26100.8972)
Time: Fri Jul 31 13:15:33 2026 India Standard Time elapsed time: 146.312926 seconds (0d 0h 2m 26s)

---------------  T H R E A D  ---------------

Current thread (0x0000026ac681b2f0):  JavaThread "C2 CompilerThread1" daemon [_thread_in_native, id=11220, stack(0x0000007522000000,0x0000007522100000)]


Current CompileTask:
C2: 146313 17856       4       org.gradle.model.internal.type.ModelType::wrap (220 bytes)

Stack: [0x0000007522000000,0x0000007522100000]
Native frames: (J=compiled Java code, j=interpreted, Vv=VM code, C=native code)
V  [jvm.dll+0x67a04a]
V  [jvm.dll+0x7da4ed]
V  [jvm.dll+0x7dbe33]
V  [jvm.dll+0x7dc4a3]
V  [jvm.dll+0x24508f]
V  [jvm.dll+0xab773]
V  [jvm.dll+0xabd3c]
V  [jvm.dll+0x361b9f]
V  [jvm.dll+0x32c431]
V  [jvm.dll+0x32b8ca]
V  [jvm.dll+0x21683f]
V  [jvm.dll+0x215c6f]
V  [jvm.dll+0x1a2960]
V  [jvm.dll+0x22610b]
V  [jvm.dll+0x2242ab]
V  [jvm.dll+0x79075c]
V  [jvm.dll+0x78abea]
V  [jvm.dll+0x678f35]
C  [ucrtbase.dll+0x2cd30]
C  [KERNEL32.DLL+0x2ccb7]
C  [ntdll.dll+0xaad6c]


---------------  P R O C E S S  ---------------

Threads class SMR info:
_java_thread_list=0x0000026ac52527f0, length=191, elements={
0x0000026a43607a60, 0x0000026a7e827c70, 0x0000026a7e828740, 0x0000026a7f4038b0,
0x0000026a7f404180, 0x0000026a7f404a50, 0x0000026a7f405320, 0x0000026a7f407f30,
0x0000026a7f409050, 0x0000026a7f409960, 0x0000026a7e814aa0, 0x0000026a7f5cc950,
0x0000026ac6018930, 0x0000026a7f82f8c0, 0x0000026ac51c5040, 0x0000026ac5200060,
0x0000026ac52023d0, 0x0000026ac52028e0, 0x0000026ac5200f90, 0x0000026ac52014a0,
0x0000026ac5200570, 0x0000026ac5200a80, 0x0000026ac52019b0, 0x0000026ac5201ec0,
0x0000026ac5202df0, 0x0000026ac5840dc0, 0x0000026ac58403a0, 0x0000026ac58417e0,
0x0000026ac5841cf0, 0x0000026ac58412d0, 0x0000026ac5842710, 0x0000026ac5842200,
0x0000026ac5842c20, 0x0000026ac5843130, 0x0000026ac583fe90, 0x0000026ac5843640,
0x0000026ac58408b0, 0x0000026ac58454a0, 0x0000026ac58468e0, 0x0000026ac58463d0,
0x0000026ac5847300, 0x0000026ac5845ec0, 0x0000026ac5844f90, 0x0000026ac5844570,
0x0000026ac58459b0, 0x0000026ac5846df0, 0x0000026ac947e440, 0x0000026ac9480cc0,
0x0000026ac947f370, 0x0000026ac947ee60, 0x0000026ac9481bf0, 0x0000026ac947f880,
0x0000026ac94802a0, 0x0000026ac94807b0, 0x0000026ac94811d0, 0x0000026ac94816e0,
0x0000026ac9482100, 0x0000026ac947e950, 0x0000026ac9484e90, 0x0000026ac94858b0,
0x0000026ac9483540, 0x0000026ac9482b20, 0x0000026ac9483f60, 0x0000026ac9483030,
0x0000026ac94853a0, 0x0000026ac9485dc0, 0x0000026ac9482610, 0x0000026ac9483a50,
0x0000026ac9484470, 0x0000026ac9484980, 0x0000026a7f5abe40, 0x0000026a7f5a8ba0,
0x0000026a7f5ac350, 0x0000026a7f5a95c0, 0x0000026a7f5a90b0, 0x0000026a7f5aaa00,
0x0000026a7f5aa4f0, 0x0000026a7f5aaf10, 0x0000026a7f5ab420, 0x0000026a7f5a9fe0,
0x0000026a7f5ac860, 0x0000026a7f5ae6c0, 0x0000026a7f5adca0, 0x0000026a7f5af0e0,
0x0000026a7f5ad280, 0x0000026a7f5aebd0, 0x0000026a7f5af5f0, 0x0000026a7f5ae1b0,
0x0000026a7f5afb00, 0x0000026a7f5acd70, 0x0000026a7f5ad790, 0x0000026a7f5b0520,
0x0000026ac5157a10, 0x0000026ac5158940, 0x0000026ac51560c0, 0x0000026ac51565d0,
0x0000026ac5158430, 0x0000026ac5156ae0, 0x0000026ac5157f20, 0x0000026ac5158e50,
0x0000026ac5156ff0, 0x0000026ac51556a0, 0x0000026ac5159360, 0x0000026ac5157500,
0x0000026ac5155bb0, 0x0000026ac515bbe0, 0x0000026ac5159870, 0x0000026ac515b1c0,
0x0000026ac515d020, 0x0000026ac515a290, 0x0000026ac515cb10, 0x0000026ac515acb0,
0x0000026ac5159d80, 0x0000026ac515b6d0, 0x0000026ac515c600, 0x0000026ac515c0f0,
0x0000026ac515a7a0, 0x0000026aca518830, 0x0000026aca517e10, 0x0000026aca5173f0,
0x0000026aca519c70, 0x0000026aca518d40, 0x0000026aca519250, 0x0000026aca519760,
0x0000026aca51a690, 0x0000026aca517900, 0x0000026aca516ee0, 0x0000026aca51a180,
0x0000026aca51aba0, 0x0000026aca51b5c0, 0x0000026aca51bad0, 0x0000026aca51d930,
0x0000026aca51bfe0, 0x0000026aca51c4f0, 0x0000026aca51de40, 0x0000026aca518320,
0x0000026aca51ca00, 0x0000026aca51cf10, 0x0000026aca51e350, 0x0000026aca51d420,
0x0000026aca51e860, 0x0000026ac5696350, 0x0000026ac5696860, 0x0000026ac5695420,
0x0000026ac5697ca0, 0x0000026ac5694f10, 0x0000026ac5696d70, 0x0000026ac5697280,
0x0000026ac56981b0, 0x0000026ac5695e40, 0x0000026ac5697790, 0x0000026ac5695930,
0x0000026ac569b960, 0x0000026ac569be70, 0x0000026ac569a520, 0x0000026ac56986c0,
0x0000026ac569c380, 0x0000026ac569aa30, 0x0000026ac569af40, 0x0000026ac569b450,
0x0000026ac5698bd0, 0x0000026ac569c890, 0x0000026ac56990e0, 0x0000026ac5699b00,
0x0000026ac56995f0, 0x0000026ac569a010, 0x0000026aca87a100, 0x0000026aca876950,
0x0000026aca8796e0, 0x0000026aca876e60, 0x0000026aca879bf0, 0x0000026aca8782a0,
0x0000026aca878cc0, 0x0000026aca8787b0, 0x0000026aca877370, 0x0000026aca8791d0,
0x0000026aca877880, 0x0000026ac9a4fdb0, 0x0000026ac9a4da40, 0x0000026ac9a4e970,
0x0000026ac9a4ee80, 0x0000026ac9a4d530, 0x0000026ac9a502c0, 0x0000026ac9a4f8a0,
0x0000026ac9a4cb10, 0x0000026ac9a507d0, 0x0000026ac9a4d020, 0x0000026ac9a51c10,
0x0000026ac9a52120, 0x0000026ac681b2f0, 0x0000026acb702aa0
}

Java Threads: ( => current thread )
  0x0000026a43607a60 JavaThread "main" [_thread_blocked, id=12792, stack(0x000000751bc00000,0x000000751bd00000)]
  0x0000026a7e827c70 JavaThread "Reference Handler" daemon [_thread_blocked, id=18356, stack(0x000000751c300000,0x000000751c400000)]
  0x0000026a7e828740 JavaThread "Finalizer" daemon [_thread_blocked, id=21396, stack(0x000000751c400000,0x000000751c500000)]
  0x0000026a7f4038b0 JavaThread "Signal Dispatcher" daemon [_thread_blocked, id=24160, stack(0x000000751c500000,0x000000751c600000)]
  0x0000026a7f404180 JavaThread "Attach Listener" daemon [_thread_blocked, id=9388, stack(0x000000751c600000,0x000000751c700000)]
  0x0000026a7f404a50 JavaThread "Service Thread" daemon [_thread_blocked, id=12068, stack(0x000000751c700000,0x000000751c800000)]
  0x0000026a7f405320 JavaThread "Monitor Deflation Thread" daemon [_thread_blocked, id=4104, stack(0x000000751c800000,0x000000751c900000)]
  0x0000026a7f407f30 JavaThread "C2 CompilerThread0" daemon [_thread_in_native, id=20540, stack(0x000000751c900000,0x000000751ca00000)]
  0x0000026a7f409050 JavaThread "C1 CompilerThread0" daemon [_thread_blocked, id=18204, stack(0x000000751ca00000,0x000000751cb00000)]
  0x0000026a7f409960 JavaThread "Sweeper thread" daemon [_thread_blocked, id=21116, stack(0x000000751cb00000,0x000000751cc00000)]
  0x0000026a7e814aa0 JavaThread "Common-Cleaner" daemon [_thread_blocked, id=22764, stack(0x000000751cc00000,0x000000751cd00000)]
  0x0000026a7f5cc950 JavaThread "Notification Thread" daemon [_thread_blocked, id=24368, stack(0x000000751cd00000,0x000000751ce00000)]
  0x0000026ac6018930 JavaThread "Daemon health stats" [_thread_blocked, id=18452, stack(0x000000751d300000,0x000000751d400000)]
  0x0000026a7f82f8c0 JavaThread "Incoming local TCP Connector on port 54305" [_thread_in_native, id=20932, stack(0x000000751d400000,0x000000751d500000)]
  0x0000026ac51c5040 JavaThread "Daemon periodic checks" [_thread_blocked, id=21640, stack(0x000000751d500000,0x000000751d600000)]
  0x0000026ac5200060 JavaThread "Daemon" [_thread_blocked, id=17760, stack(0x000000751d600000,0x000000751d700000)]
  0x0000026ac52023d0 JavaThread "Handler for socket connection from /127.0.0.1:54305 to /127.0.0.1:54306" [_thread_in_native, id=22096, stack(0x000000751d700000,0x000000751d800000)]
  0x0000026ac52028e0 JavaThread "Cancel handler" [_thread_blocked, id=6996, stack(0x000000751d800000,0x000000751d900000)]
  0x0000026ac5200f90 JavaThread "Daemon worker" [_thread_blocked, id=13336, stack(0x000000751d900000,0x000000751da00000)]
  0x0000026ac52014a0 JavaThread "Asynchronous log dispatcher for DefaultDaemonConnection: socket connection from /127.0.0.1:54305 to /127.0.0.1:54306" [_thread_blocked, id=17000, stack(0x000000751da00000,0x000000751db00000)]
  0x0000026ac5200570 JavaThread "Stdin handler" [_thread_blocked, id=6212, stack(0x000000751db00000,0x000000751dc00000)]
  0x0000026ac5200a80 JavaThread "Daemon client event forwarder" [_thread_in_native, id=18712, stack(0x000000751dc00000,0x000000751dd00000)]
  0x0000026ac52019b0 JavaThread "Cache worker for journal cache (C:\Users\anshu\.gradle\caches\journal-1)" [_thread_blocked, id=21260, stack(0x000000751dd00000,0x000000751de00000)]
  0x0000026ac5201ec0 JavaThread "File lock request listener" [_thread_in_native, id=16784, stack(0x000000751de00000,0x000000751df00000)]
  0x0000026ac5202df0 JavaThread "Cache worker for file hash cache (C:\Users\anshu\.gradle\caches\8.12\fileHashes)" [_thread_blocked, id=14240, stack(0x000000751df00000,0x000000751e000000)]
  0x0000026ac5840dc0 JavaThread "Cache worker for file hash cache (C:\web app\sooperbudy_driver\android\.gradle\8.12\fileHashes)" [_thread_blocked, id=2828, stack(0x000000751e600000,0x000000751e700000)]
  0x0000026ac58403a0 JavaThread "Cache worker for Build Output Cleanup Cache (C:\web app\sooperbudy_driver\android\.gradle\buildOutputCleanup)" [_thread_blocked, id=14888, stack(0x000000751e700000,0x000000751e800000)]
  0x0000026ac58417e0 JavaThread "File watcher server" daemon [_thread_in_native, id=11876, stack(0x000000751ea00000,0x000000751eb00000)]
  0x0000026ac5841cf0 JavaThread "File watcher consumer" daemon [_thread_blocked, id=21680, stack(0x000000751eb00000,0x000000751ec00000)]
  0x0000026ac58412d0 JavaThread "jar transforms" [_thread_blocked, id=24492, stack(0x000000751ec00000,0x000000751ed00000)]
  0x0000026ac5842710 JavaThread "jar transforms Thread 2" [_thread_blocked, id=19268, stack(0x000000751ed00000,0x000000751ee00000)]
  0x0000026ac5842200 JavaThread "jar transforms Thread 3" [_thread_blocked, id=21532, stack(0x000000751ee00000,0x000000751ef00000)]
  0x0000026ac5842c20 JavaThread "jar transforms Thread 4" [_thread_blocked, id=19768, stack(0x000000751ef00000,0x000000751f000000)]
  0x0000026ac5843130 JavaThread "jar transforms Thread 5" [_thread_blocked, id=1736, stack(0x000000751f000000,0x000000751f100000)]
  0x0000026ac583fe90 JavaThread "Cache worker for checksums cache (C:\web app\sooperbudy_driver\android\.gradle\8.12\checksums)" [_thread_blocked, id=4804, stack(0x000000751f100000,0x000000751f200000)]
  0x0000026ac5843640 JavaThread "Cache worker for file content cache (C:\Users\anshu\.gradle\caches\8.12\fileContent)" [_thread_blocked, id=5140, stack(0x000000751f200000,0x000000751f300000)]
  0x0000026ac58408b0 JavaThread "jar transforms Thread 6" [_thread_blocked, id=13356, stack(0x000000751f300000,0x000000751f400000)]
  0x0000026ac58454a0 JavaThread "jar transforms Thread 7" [_thread_blocked, id=18560, stack(0x000000751f400000,0x000000751f500000)]
  0x0000026ac58468e0 JavaThread "jar transforms Thread 8" [_thread_blocked, id=13060, stack(0x000000751f500000,0x000000751f600000)]
  0x0000026ac58463d0 JavaThread "jar transforms Thread 9" [_thread_blocked, id=12856, stack(0x000000751f600000,0x000000751f700000)]
  0x0000026ac5847300 JavaThread "jar transforms Thread 10" [_thread_blocked, id=8060, stack(0x000000751f700000,0x000000751f800000)]
  0x0000026ac5845ec0 JavaThread "jar transforms Thread 11" [_thread_blocked, id=22656, stack(0x000000751f800000,0x000000751f900000)]
  0x0000026ac5844f90 JavaThread "jar transforms Thread 12" [_thread_blocked, id=17036, stack(0x000000751f900000,0x000000751fa00000)]
  0x0000026ac5844570 JavaThread "Cache worker for cache directory md-rule (C:\Users\anshu\.gradle\caches\8.12\md-rule)" [_thread_blocked, id=20780, stack(0x000000751fa00000,0x000000751fb00000)]
  0x0000026ac58459b0 JavaThread "Cache worker for cache directory md-supplier (C:\Users\anshu\.gradle\caches\8.12\md-supplier)" [_thread_blocked, id=13248, stack(0x000000751fb00000,0x000000751fc00000)]
  0x0000026ac5846df0 JavaThread "Cache worker for Build Output Cleanup Cache (C:\src\flutter\packages\flutter_tools\gradle\.gradle\buildOutputCleanup)" [_thread_blocked, id=6980, stack(0x000000751fd00000,0x000000751fe00000)]
  0x0000026ac947e440 JavaThread "Unconstrained build operations" [_thread_blocked, id=21484, stack(0x000000751fc00000,0x000000751fd00000)]
  0x0000026ac9480cc0 JavaThread "Unconstrained build operations Thread 2" [_thread_blocked, id=6348, stack(0x000000751fe00000,0x000000751ff00000)]
  0x0000026ac947f370 JavaThread "Unconstrained build operations Thread 3" [_thread_blocked, id=9272, stack(0x000000751ff00000,0x0000007520000000)]
  0x0000026ac947ee60 JavaThread "Unconstrained build operations Thread 4" [_thread_blocked, id=22704, stack(0x0000007520000000,0x0000007520100000)]
  0x0000026ac9481bf0 JavaThread "Unconstrained build operations Thread 5" [_thread_blocked, id=17044, stack(0x0000007520100000,0x0000007520200000)]
  0x0000026ac947f880 JavaThread "Unconstrained build operations Thread 6" [_thread_blocked, id=6088, stack(0x0000007520200000,0x0000007520300000)]
  0x0000026ac94802a0 JavaThread "Unconstrained build operations Thread 7" [_thread_blocked, id=9856, stack(0x0000007520300000,0x0000007520400000)]
  0x0000026ac94807b0 JavaThread "Unconstrained build operations Thread 8" [_thread_blocked, id=17276, stack(0x0000007520400000,0x0000007520500000)]
  0x0000026ac94811d0 JavaThread "Unconstrained build operations Thread 9" [_thread_blocked, id=11248, stack(0x0000007520500000,0x0000007520600000)]
  0x0000026ac94816e0 JavaThread "Unconstrained build operations Thread 10" [_thread_blocked, id=6508, stack(0x0000007520600000,0x0000007520700000)]
  0x0000026ac9482100 JavaThread "Unconstrained build operations Thread 11" [_thread_blocked, id=19992, stack(0x0000007520700000,0x0000007520800000)]
  0x0000026ac947e950 JavaThread "Unconstrained build operations Thread 12" [_thread_blocked, id=9828, stack(0x0000007520900000,0x0000007520a00000)]
  0x0000026ac9484e90 JavaThread "Unconstrained build operations Thread 13" [_thread_blocked, id=11736, stack(0x0000007520a00000,0x0000007520b00000)]
  0x0000026ac94858b0 JavaThread "Unconstrained build operations Thread 14" [_thread_blocked, id=14780, stack(0x0000007520b00000,0x0000007520c00000)]
  0x0000026ac9483540 JavaThread "Unconstrained build operations Thread 15" [_thread_blocked, id=23692, stack(0x0000007520c00000,0x0000007520d00000)]
  0x0000026ac9482b20 JavaThread "Unconstrained build operations Thread 16" [_thread_blocked, id=19892, stack(0x0000007520d00000,0x0000007520e00000)]
  0x0000026ac9483f60 JavaThread "Unconstrained build operations Thread 17" [_thread_blocked, id=14268, stack(0x0000007520e00000,0x0000007520f00000)]
  0x0000026ac9483030 JavaThread "Unconstrained build operations Thread 18" [_thread_blocked, id=5736, stack(0x0000007520f00000,0x0000007521000000)]
  0x0000026ac94853a0 JavaThread "Unconstrained build operations Thread 19" [_thread_blocked, id=9460, stack(0x0000007521000000,0x0000007521100000)]
  0x0000026ac9485dc0 JavaThread "Unconstrained build operations Thread 20" [_thread_blocked, id=21924, stack(0x0000007521100000,0x0000007521200000)]
  0x0000026ac9482610 JavaThread "Unconstrained build operations Thread 21" [_thread_blocked, id=21860, stack(0x0000007521200000,0x0000007521300000)]
  0x0000026ac9483a50 JavaThread "Unconstrained build operations Thread 22" [_thread_blocked, id=19972, stack(0x0000007521300000,0x0000007521400000)]
  0x0000026ac9484470 JavaThread "Unconstrained build operations Thread 23" [_thread_blocked, id=20092, stack(0x0000007521400000,0x0000007521500000)]
  0x0000026ac9484980 JavaThread "Unconstrained build operations Thread 24" [_thread_blocked, id=23700, stack(0x0000007521500000,0x0000007521600000)]
  0x0000026a7f5abe40 JavaThread "Unconstrained build operations Thread 25" [_thread_blocked, id=16956, stack(0x0000007521600000,0x0000007521700000)]
  0x0000026a7f5a8ba0 JavaThread "Unconstrained build operations Thread 26" [_thread_blocked, id=20952, stack(0x0000007521700000,0x0000007521800000)]
  0x0000026a7f5ac350 JavaThread "Unconstrained build operations Thread 27" [_thread_blocked, id=23708, stack(0x0000007521800000,0x0000007521900000)]
  0x0000026a7f5a95c0 JavaThread "Unconstrained build operations Thread 28" [_thread_blocked, id=2676, stack(0x0000007521900000,0x0000007521a00000)]
  0x0000026a7f5a90b0 JavaThread "Unconstrained build operations Thread 29" [_thread_blocked, id=2460, stack(0x0000007521a00000,0x0000007521b00000)]
  0x0000026a7f5aaa00 JavaThread "Unconstrained build operations Thread 30" [_thread_blocked, id=24232, stack(0x0000007521b00000,0x0000007521c00000)]
  0x0000026a7f5aa4f0 JavaThread "Unconstrained build operations Thread 31" [_thread_blocked, id=4376, stack(0x0000007521c00000,0x0000007521d00000)]
  0x0000026a7f5aaf10 JavaThread "Unconstrained build operations Thread 32" [_thread_blocked, id=20888, stack(0x0000007521d00000,0x0000007521e00000)]
  0x0000026a7f5ab420 JavaThread "Unconstrained build operations Thread 33" [_thread_blocked, id=9880, stack(0x0000007521e00000,0x0000007521f00000)]
  0x0000026a7f5a9fe0 JavaThread "Memory manager" [_thread_blocked, id=22940, stack(0x0000007521f00000,0x0000007522000000)]
  0x0000026a7f5ac860 JavaThread "build event listener" [_thread_blocked, id=22680, stack(0x0000007520800000,0x0000007520900000)]
  0x0000026a7f5ae6c0 JavaThread "included builds" [_thread_blocked, id=23960, stack(0x000000751b900000,0x000000751ba00000)]
  0x0000026a7f5adca0 JavaThread "Execution worker" [_thread_blocked, id=8276, stack(0x000000751ba00000,0x000000751bb00000)]
  0x0000026a7f5af0e0 JavaThread "Execution worker Thread 2" [_thread_blocked, id=1580, stack(0x000000751bb00000,0x000000751bc00000)]
  0x0000026a7f5ad280 JavaThread "Execution worker Thread 3" [_thread_blocked, id=2020, stack(0x0000007522200000,0x0000007522300000)]
  0x0000026a7f5aebd0 JavaThread "Execution worker Thread 4" [_thread_blocked, id=24244, stack(0x0000007522300000,0x0000007522400000)]
  0x0000026a7f5af5f0 JavaThread "Execution worker Thread 5" [_thread_blocked, id=20760, stack(0x0000007522400000,0x0000007522500000)]
  0x0000026a7f5ae1b0 JavaThread "Execution worker Thread 6" [_thread_blocked, id=13964, stack(0x0000007522500000,0x0000007522600000)]
  0x0000026a7f5afb00 JavaThread "Execution worker Thread 7" [_thread_blocked, id=22024, stack(0x0000007522600000,0x0000007522700000)]
  0x0000026a7f5acd70 JavaThread "Execution worker Thread 8" [_thread_blocked, id=21280, stack(0x0000007522700000,0x0000007522800000)]
  0x0000026a7f5ad790 JavaThread "Execution worker Thread 9" [_thread_blocked, id=11640, stack(0x0000007522800000,0x0000007522900000)]
  0x0000026a7f5b0520 JavaThread "Execution worker Thread 10" [_thread_blocked, id=24560, stack(0x0000007522900000,0x0000007522a00000)]
  0x0000026ac5157a10 JavaThread "Execution worker Thread 11" [_thread_blocked, id=13252, stack(0x0000007522a00000,0x0000007522b00000)]
  0x0000026ac5158940 JavaThread "Cache worker for execution history cache (C:\src\flutter\packages\flutter_tools\gradle\.gradle\8.12\executionHistory)" [_thread_blocked, id=364, stack(0x0000007522b00000,0x0000007522c00000)]
  0x0000026ac51560c0 JavaThread "Unconstrained build operations Thread 34" [_thread_blocked, id=20168, stack(0x0000007522c00000,0x0000007522d00000)]
  0x0000026ac51565d0 JavaThread "Unconstrained build operations Thread 35" [_thread_blocked, id=7804, stack(0x0000007522d00000,0x0000007522e00000)]
  0x0000026ac5158430 JavaThread "Unconstrained build operations Thread 36" [_thread_blocked, id=5808, stack(0x0000007522e00000,0x0000007522f00000)]
  0x0000026ac5156ae0 JavaThread "Unconstrained build operations Thread 37" [_thread_blocked, id=19448, stack(0x0000007522f00000,0x0000007523000000)]
  0x0000026ac5157f20 JavaThread "Unconstrained build operations Thread 38" [_thread_blocked, id=2592, stack(0x0000007523000000,0x0000007523100000)]
  0x0000026ac5158e50 JavaThread "Unconstrained build operations Thread 39" [_thread_blocked, id=21304, stack(0x0000007523100000,0x0000007523200000)]
  0x0000026ac5156ff0 JavaThread "Unconstrained build operations Thread 40" [_thread_blocked, id=22220, stack(0x0000007523200000,0x0000007523300000)]
  0x0000026ac51556a0 JavaThread "Unconstrained build operations Thread 41" [_thread_blocked, id=14556, stack(0x0000007523300000,0x0000007523400000)]
  0x0000026ac5159360 JavaThread "Unconstrained build operations Thread 42" [_thread_blocked, id=22272, stack(0x0000007523400000,0x0000007523500000)]
  0x0000026ac5157500 JavaThread "Unconstrained build operations Thread 43" [_thread_blocked, id=17208, stack(0x0000007523500000,0x0000007523600000)]
  0x0000026ac5155bb0 JavaThread "Unconstrained build operations Thread 44" [_thread_blocked, id=1284, stack(0x0000007523600000,0x0000007523700000)]
  0x0000026ac515bbe0 JavaThread "Unconstrained build operations Thread 45" [_thread_blocked, id=11188, stack(0x0000007523700000,0x0000007523800000)]
  0x0000026ac5159870 JavaThread "Unconstrained build operations Thread 46" [_thread_blocked, id=9972, stack(0x0000007523800000,0x0000007523900000)]
  0x0000026ac515b1c0 JavaThread "Unconstrained build operations Thread 47" [_thread_blocked, id=15328, stack(0x0000007523900000,0x0000007523a00000)]
  0x0000026ac515d020 JavaThread "Unconstrained build operations Thread 48" [_thread_blocked, id=21228, stack(0x0000007523a00000,0x0000007523b00000)]
  0x0000026ac515a290 JavaThread "Unconstrained build operations Thread 49" [_thread_blocked, id=13856, stack(0x0000007523b00000,0x0000007523c00000)]
  0x0000026ac515cb10 JavaThread "Unconstrained build operations Thread 50" [_thread_blocked, id=8548, stack(0x0000007523c00000,0x0000007523d00000)]
  0x0000026ac515acb0 JavaThread "Unconstrained build operations Thread 51" [_thread_blocked, id=4832, stack(0x0000007523d00000,0x0000007523e00000)]
  0x0000026ac5159d80 JavaThread "Unconstrained build operations Thread 52" [_thread_blocked, id=19420, stack(0x0000007523e00000,0x0000007523f00000)]
  0x0000026ac515b6d0 JavaThread "Unconstrained build operations Thread 53" [_thread_blocked, id=5720, stack(0x0000007523f00000,0x0000007524000000)]
  0x0000026ac515c600 JavaThread "Unconstrained build operations Thread 54" [_thread_blocked, id=5320, stack(0x0000007524000000,0x0000007524100000)]
  0x0000026ac515c0f0 JavaThread "Unconstrained build operations Thread 55" [_thread_blocked, id=12908, stack(0x0000007524100000,0x0000007524200000)]
  0x0000026ac515a7a0 JavaThread "Unconstrained build operations Thread 56" [_thread_blocked, id=19500, stack(0x0000007524200000,0x0000007524300000)]
  0x0000026aca518830 JavaThread "Unconstrained build operations Thread 57" [_thread_blocked, id=12888, stack(0x0000007524300000,0x0000007524400000)]
  0x0000026aca517e10 JavaThread "Unconstrained build operations Thread 58" [_thread_blocked, id=11304, stack(0x0000007524400000,0x0000007524500000)]
  0x0000026aca5173f0 JavaThread "Unconstrained build operations Thread 59" [_thread_blocked, id=16492, stack(0x0000007524500000,0x0000007524600000)]
  0x0000026aca519c70 JavaThread "Unconstrained build operations Thread 60" [_thread_blocked, id=17828, stack(0x0000007524600000,0x0000007524700000)]
  0x0000026aca518d40 JavaThread "Unconstrained build operations Thread 61" [_thread_blocked, id=23572, stack(0x0000007524700000,0x0000007524800000)]
  0x0000026aca519250 JavaThread "Unconstrained build operations Thread 62" [_thread_blocked, id=11784, stack(0x0000007524800000,0x0000007524900000)]
  0x0000026aca519760 JavaThread "Unconstrained build operations Thread 63" [_thread_blocked, id=20268, stack(0x0000007524900000,0x0000007524a00000)]
  0x0000026aca51a690 JavaThread "Unconstrained build operations Thread 64" [_thread_blocked, id=15860, stack(0x0000007524a00000,0x0000007524b00000)]
  0x0000026aca517900 JavaThread "Unconstrained build operations Thread 65" [_thread_blocked, id=1844, stack(0x0000007524b00000,0x0000007524c00000)]
  0x0000026aca516ee0 JavaThread "Unconstrained build operations Thread 66" [_thread_blocked, id=22852, stack(0x0000007524c00000,0x0000007524d00000)]
  0x0000026aca51a180 JavaThread "Unconstrained build operations Thread 67" [_thread_blocked, id=20312, stack(0x0000007524d00000,0x0000007524e00000)]
  0x0000026aca51aba0 JavaThread "Unconstrained build operations Thread 68" [_thread_blocked, id=18008, stack(0x0000007524e00000,0x0000007524f00000)]
  0x0000026aca51b5c0 JavaThread "WorkerExecutor Queue" [_thread_blocked, id=18608, stack(0x0000007524f00000,0x0000007525000000)]
  0x0000026aca51bad0 JavaThread "RMI Scheduler(0)" daemon [_thread_blocked, id=17812, stack(0x0000007525000000,0x0000007525100000)]
  0x0000026aca51d930 JavaThread "RMI GC Daemon" daemon [_thread_blocked, id=2668, stack(0x0000007525200000,0x0000007525300000)]
  0x0000026aca51bfe0 JavaThread "RMI TCP Accept-0" daemon [_thread_in_native, id=1056, stack(0x0000007525300000,0x0000007525400000)]
  0x0000026aca51c4f0 JavaThread "RMI Reaper" [_thread_blocked, id=1956, stack(0x0000007525400000,0x0000007525500000)]
  0x0000026aca51de40 JavaThread "RMI TCP Connection(idle)" daemon [_thread_blocked, id=11544, stack(0x0000007525500000,0x0000007525600000)]
  0x0000026aca518320 JavaThread "Unconstrained build operations Thread 69" [_thread_blocked, id=12456, stack(0x0000007525100000,0x0000007525200000)]
  0x0000026aca51ca00 JavaThread "Unconstrained build operations Thread 70" [_thread_blocked, id=17084, stack(0x0000007525600000,0x0000007525700000)]
  0x0000026aca51cf10 JavaThread "Unconstrained build operations Thread 71" [_thread_blocked, id=23872, stack(0x0000007525700000,0x0000007525800000)]
  0x0000026aca51e350 JavaThread "Unconstrained build operations Thread 72" [_thread_blocked, id=20936, stack(0x0000007525800000,0x0000007525900000)]
  0x0000026aca51d420 JavaThread "Unconstrained build operations Thread 73" [_thread_blocked, id=10668, stack(0x0000007525900000,0x0000007525a00000)]
  0x0000026aca51e860 JavaThread "Unconstrained build operations Thread 74" [_thread_blocked, id=9652, stack(0x0000007525a00000,0x0000007525b00000)]
  0x0000026ac5696350 JavaThread "Unconstrained build operations Thread 75" [_thread_blocked, id=21624, stack(0x0000007525b00000,0x0000007525c00000)]
  0x0000026ac5696860 JavaThread "Unconstrained build operations Thread 76" [_thread_blocked, id=15104, stack(0x0000007525c00000,0x0000007525d00000)]
  0x0000026ac5695420 JavaThread "Unconstrained build operations Thread 77" [_thread_blocked, id=21928, stack(0x0000007525d00000,0x0000007525e00000)]
  0x0000026ac5697ca0 JavaThread "Unconstrained build operations Thread 78" [_thread_blocked, id=23836, stack(0x0000007525e00000,0x0000007525f00000)]
  0x0000026ac5694f10 JavaThread "Unconstrained build operations Thread 79" [_thread_blocked, id=8964, stack(0x0000007525f00000,0x0000007526000000)]
  0x0000026ac5696d70 JavaThread "Unconstrained build operations Thread 80" [_thread_blocked, id=5660, stack(0x0000007526100000,0x0000007526200000)]
  0x0000026ac5697280 JavaThread "Unconstrained build operations Thread 81" [_thread_blocked, id=11132, stack(0x0000007526200000,0x0000007526300000)]
  0x0000026ac56981b0 JavaThread "Unconstrained build operations Thread 82" [_thread_blocked, id=23344, stack(0x0000007526300000,0x0000007526400000)]
  0x0000026ac5695e40 JavaThread "Unconstrained build operations Thread 83" [_thread_blocked, id=24328, stack(0x0000007526400000,0x0000007526500000)]
  0x0000026ac5697790 JavaThread "Unconstrained build operations Thread 84" [_thread_blocked, id=2672, stack(0x0000007526500000,0x0000007526600000)]
  0x0000026ac5695930 JavaThread "Unconstrained build operations Thread 85" [_thread_blocked, id=5280, stack(0x0000007526600000,0x0000007526700000)]
  0x0000026ac569b960 JavaThread "Unconstrained build operations Thread 86" [_thread_blocked, id=21008, stack(0x0000007526700000,0x0000007526800000)]
  0x0000026ac569be70 JavaThread "Unconstrained build operations Thread 87" [_thread_blocked, id=24132, stack(0x0000007526800000,0x0000007526900000)]
  0x0000026ac569a520 JavaThread "Unconstrained build operations Thread 88" [_thread_blocked, id=21028, stack(0x0000007526900000,0x0000007526a00000)]
  0x0000026ac56986c0 JavaThread "Unconstrained build operations Thread 89" [_thread_blocked, id=24480, stack(0x0000007526a00000,0x0000007526b00000)]
  0x0000026ac569c380 JavaThread "Unconstrained build operations Thread 90" [_thread_blocked, id=7936, stack(0x0000007526b00000,0x0000007526c00000)]
  0x0000026ac569aa30 JavaThread "Unconstrained build operations Thread 91" [_thread_blocked, id=20340, stack(0x0000007526c00000,0x0000007526d00000)]
  0x0000026ac569af40 JavaThread "Unconstrained build operations Thread 92" [_thread_blocked, id=16448, stack(0x0000007526d00000,0x0000007526e00000)]
  0x0000026ac569b450 JavaThread "Unconstrained build operations Thread 93" [_thread_blocked, id=3832, stack(0x0000007526e00000,0x0000007526f00000)]
  0x0000026ac5698bd0 JavaThread "Unconstrained build operations Thread 94" [_thread_blocked, id=12624, stack(0x0000007526f00000,0x0000007527000000)]
  0x0000026ac569c890 JavaThread "Unconstrained build operations Thread 95" [_thread_blocked, id=5244, stack(0x0000007527000000,0x0000007527100000)]
  0x0000026ac56990e0 JavaThread "Unconstrained build operations Thread 96" [_thread_blocked, id=16484, stack(0x0000007527100000,0x0000007527200000)]
  0x0000026ac5699b00 JavaThread "Unconstrained build operations Thread 97" [_thread_blocked, id=16888, stack(0x0000007527200000,0x0000007527300000)]
  0x0000026ac56995f0 JavaThread "Unconstrained build operations Thread 98" [_thread_blocked, id=22324, stack(0x0000007527300000,0x0000007527400000)]
  0x0000026ac569a010 JavaThread "Unconstrained build operations Thread 99" [_thread_blocked, id=17488, stack(0x0000007527400000,0x0000007527500000)]
  0x0000026aca87a100 JavaThread "Unconstrained build operations Thread 100" [_thread_blocked, id=7108, stack(0x0000007527500000,0x0000007527600000)]
  0x0000026aca876950 JavaThread "Unconstrained build operations Thread 101" [_thread_blocked, id=19772, stack(0x0000007527600000,0x0000007527700000)]
  0x0000026aca8796e0 JavaThread "Unconstrained build operations Thread 102" [_thread_blocked, id=10304, stack(0x0000007527700000,0x0000007527800000)]
  0x0000026aca876e60 JavaThread "Unconstrained build operations Thread 103" [_thread_blocked, id=5700, stack(0x0000007527800000,0x0000007527900000)]
  0x0000026aca879bf0 JavaThread "Unconstrained build operations Thread 104" [_thread_blocked, id=18828, stack(0x0000007527900000,0x0000007527a00000)]
  0x0000026aca8782a0 JavaThread "Unconstrained build operations Thread 105" [_thread_blocked, id=20348, stack(0x0000007527a00000,0x0000007527b00000)]
  0x0000026aca878cc0 JavaThread "Unconstrained build operations Thread 106" [_thread_blocked, id=3344, stack(0x0000007527b00000,0x0000007527c00000)]
  0x0000026aca8787b0 JavaThread "Unconstrained build operations Thread 107" [_thread_blocked, id=8916, stack(0x0000007527c00000,0x0000007527d00000)]
  0x0000026aca877370 JavaThread "Unconstrained build operations Thread 108" [_thread_blocked, id=5284, stack(0x0000007527d00000,0x0000007527e00000)]
  0x0000026aca8791d0 JavaThread "Unconstrained build operations Thread 109" [_thread_blocked, id=11016, stack(0x0000007527e00000,0x0000007527f00000)]
  0x0000026aca877880 JavaThread "Unconstrained build operations Thread 110" [_thread_blocked, id=12396, stack(0x0000007527f00000,0x0000007528000000)]
  0x0000026ac9a4fdb0 JavaThread "Unconstrained build operations Thread 111" [_thread_blocked, id=3800, stack(0x0000007528000000,0x0000007528100000)]
  0x0000026ac9a4da40 JavaThread "Unconstrained build operations Thread 112" [_thread_blocked, id=376, stack(0x0000007528100000,0x0000007528200000)]
  0x0000026ac9a4e970 JavaThread "Unconstrained build operations Thread 113" [_thread_blocked, id=23556, stack(0x0000007528200000,0x0000007528300000)]
  0x0000026ac9a4ee80 JavaThread "Unconstrained build operations Thread 114" [_thread_blocked, id=9988, stack(0x0000007528300000,0x0000007528400000)]
  0x0000026ac9a4d530 JavaThread "Unconstrained build operations Thread 115" [_thread_blocked, id=2008, stack(0x0000007528400000,0x0000007528500000)]
  0x0000026ac9a502c0 JavaThread "Unconstrained build operations Thread 116" [_thread_blocked, id=2720, stack(0x0000007528500000,0x0000007528600000)]
  0x0000026ac9a4f8a0 JavaThread "Unconstrained build operations Thread 117" [_thread_blocked, id=12716, stack(0x0000007528600000,0x0000007528700000)]
  0x0000026ac9a4cb10 JavaThread "Unconstrained build operations Thread 118" [_thread_blocked, id=20140, stack(0x0000007528700000,0x0000007528800000)]
  0x0000026ac9a507d0 JavaThread "Unconstrained build operations Thread 119" [_thread_blocked, id=9776, stack(0x0000007528800000,0x0000007528900000)]
  0x0000026ac9a4d020 JavaThread "Unconstrained build operations Thread 120" [_thread_blocked, id=12640, stack(0x0000007528900000,0x0000007528a00000)]
  0x0000026ac9a51c10 JavaThread "build event listener" [_thread_blocked, id=8840, stack(0x0000007526000000,0x0000007526100000)]
  0x0000026ac9a52120 JavaThread "Problems report writer" [_thread_blocked, id=8156, stack(0x0000007528a00000,0x0000007528b00000)]
=>0x0000026ac681b2f0 JavaThread "C2 CompilerThread1" daemon [_thread_in_native, id=11220, stack(0x0000007522000000,0x0000007522100000)]
  0x0000026acb702aa0 JavaThread "C2 CompilerThread2" daemon [_thread_in_native, id=21768, stack(0x0000007522100000,0x0000007522200000)]

Other Threads:
  0x0000026a7e826730 VMThread "VM Thread" [stack: 0x000000751c200000,0x000000751c300000] [id=5444]
  0x0000026a7e654dd0 WatcherThread [stack: 0x000000751ce00000,0x000000751cf00000] [id=21064]
  0x0000026a436b6a00 GCTaskThread "GC Thread#0" [stack: 0x000000751bd00000,0x000000751be00000] [id=12148]
  0x0000026a7f93ea90 GCTaskThread "GC Thread#1" [stack: 0x000000751cf00000,0x000000751d000000] [id=13736]
  0x0000026a7f7557b0 GCTaskThread "GC Thread#2" [stack: 0x000000751d000000,0x000000751d100000] [id=24056]
  0x0000026ac57d97d0 GCTaskThread "GC Thread#3" [stack: 0x000000751d100000,0x000000751d200000] [id=10076]
  0x0000026ac5b20be0 GCTaskThread "GC Thread#4" [stack: 0x000000751d200000,0x000000751d300000] [id=9092]
  0x0000026ac5acc9f0 GCTaskThread "GC Thread#5" [stack: 0x000000751e000000,0x000000751e100000] [id=14584]
  0x0000026ac5acccb0 GCTaskThread "GC Thread#6" [stack: 0x000000751e100000,0x000000751e200000] [id=20820]
  0x0000026ac5accf70 GCTaskThread "GC Thread#7" [stack: 0x000000751e200000,0x000000751e300000] [id=18164]
  0x0000026ac5acd230 GCTaskThread "GC Thread#8" [stack: 0x000000751e300000,0x000000751e400000] [id=19884]
  0x0000026ac5acd4f0 GCTaskThread "GC Thread#9" [stack: 0x000000751e400000,0x000000751e500000] [id=9796]
  0x0000026a436c8270 ConcurrentGCThread "G1 Main Marker" [stack: 0x000000751be00000,0x000000751bf00000] [id=13896]
  0x0000026a436c8a30 ConcurrentGCThread "G1 Conc#0" [stack: 0x000000751bf00000,0x000000751c000000] [id=8312]
  0x0000026ac5acbc30 ConcurrentGCThread "G1 Conc#1" [stack: 0x000000751e800000,0x000000751e900000] [id=23696]
  0x0000026ac5acbef0 ConcurrentGCThread "G1 Conc#2" [stack: 0x000000751e900000,0x000000751ea00000] [id=13908]
  0x0000026a7e6de8c0 ConcurrentGCThread "G1 Refine#0" [stack: 0x000000751c000000,0x000000751c100000] [id=2428]
  0x0000026a7e6e00b0 ConcurrentGCThread "G1 Service" [stack: 0x000000751c100000,0x000000751c200000] [id=6240]

Threads with active compile tasks:
C2 CompilerThread0   146361 17894       4       org.gradle.internal.component.model.GraphVariantSelector::filterVariantsByRequestedCapabilities (130 bytes)
C2 CompilerThread1   146361 17856       4       org.gradle.model.internal.type.ModelType::wrap (220 bytes)
C2 CompilerThread2   146361 17897       4       org.gradle.api.internal.artifacts.ivyservice.modulecache.ModuleMetadataSerializer$Reader::readMavenDependency (148 bytes)

VM state: not at safepoint (normal execution)

VM Mutex/Monitor currently owned by a thread: None

Heap address: 0x0000000600000000, size: 8192 MB, Compressed Oops mode: Zero based, Oop shift amount: 3

CDS archive(s) mapped at: [0x0000026a80000000-0x0000026a80bd0000-0x0000026a80bd0000), size 12386304, SharedBaseAddress: 0x0000026a80000000, ArchiveRelocationMode: 1.
Compressed class space mapped at: 0x0000026a81000000-0x0000026ac1000000, reserved size: 1073741824
Narrow klass base: 0x0000026a80000000, Narrow klass shift: 0, Narrow klass range: 0x100000000

GC Precious Log:
 CPUs: 12 total, 12 available
 Memory: 7501M
 Large Page Support: Disabled
 NUMA Support: Disabled
 Compressed Oops: Enabled (Zero based)
 Heap Region Size: 4M
 Heap Min Capacity: 8M
 Heap Initial Capacity: 120M
 Heap Max Capacity: 8G
 Pre-touch: Disabled
 Parallel Workers: 10
 Concurrent Workers: 3
 Concurrent Refinement Workers: 10
 Periodic GC: Disabled

Heap:
 garbage-first heap   total 503808K, used 269812K [0x0000000600000000, 0x0000000800000000)
  region size 4096K, 13 young (53248K), 3 survivors (12288K)
 Metaspace       used 113202K, committed 114688K, reserved 1179648K
  class space    used 15710K, committed 16384K, reserved 1048576K

Heap Regions: E=young(eden), S=young(survivor), O=old, HS=humongous(starts), HC=humongous(continues), CS=collection set, F=free, OA=open archive, CA=closed archive, TAMS=top-at-mark-start (previous, next)
|   0|0x0000000600000000, 0x0000000600400000, 0x0000000600400000|100%|HS|  |TAMS 0x0000000600400000, 0x0000000600000000| Complete 
|   1|0x0000000600400000, 0x0000000600800000, 0x0000000600800000|100%| O|  |TAMS 0x0000000600800000, 0x0000000600400000| Untracked 
|   2|0x0000000600800000, 0x0000000600c00000, 0x0000000600c00000|100%| O|  |TAMS 0x0000000600c00000, 0x0000000600800000| Untracked 
|   3|0x0000000600c00000, 0x0000000601000000, 0x0000000601000000|100%| O|  |TAMS 0x0000000601000000, 0x0000000600c00000| Untracked 
|   4|0x0000000601000000, 0x0000000601400000, 0x0000000601400000|100%| O|  |TAMS 0x0000000601400000, 0x0000000601000000| Untracked 
|   5|0x0000000601400000, 0x0000000601800000, 0x0000000601800000|100%| O|  |TAMS 0x0000000601800000, 0x0000000601400000| Untracked 
|   6|0x0000000601800000, 0x0000000601c00000, 0x0000000601c00000|100%| O|  |TAMS 0x0000000601c00000, 0x0000000601800000| Untracked 
|   7|0x0000000601c00000, 0x0000000602000000, 0x0000000602000000|100%| O|  |TAMS 0x0000000602000000, 0x0000000601c00000| Untracked 
|   8|0x0000000602000000, 0x0000000602400000, 0x0000000602400000|100%| O|  |TAMS 0x0000000602400000, 0x0000000602000000| Untracked 
|   9|0x0000000602400000, 0x0000000602800000, 0x0000000602800000|100%| O|  |TAMS 0x0000000602800000, 0x0000000602400000| Untracked 
|  10|0x0000000602800000, 0x0000000602c00000, 0x0000000602c00000|100%| O|  |TAMS 0x0000000602c00000, 0x0000000602800000| Untracked 
|  11|0x0000000602c00000, 0x0000000603000000, 0x0000000603000000|100%| O|  |TAMS 0x0000000603000000, 0x0000000602c00000| Untracked 
|  12|0x0000000603000000, 0x0000000603400000, 0x0000000603400000|100%| O|  |TAMS 0x0000000603400000, 0x0000000603000000| Untracked 
|  13|0x0000000603400000, 0x0000000603800000, 0x0000000603800000|100%| O|  |TAMS 0x0000000603800000, 0x0000000603400000| Untracked 
|  14|0x0000000603800000, 0x0000000603c00000, 0x0000000603c00000|100%| O|  |TAMS 0x0000000603c00000, 0x0000000603800000| Untracked 
|  15|0x0000000603c00000, 0x0000000604000000, 0x0000000604000000|100%| O|  |TAMS 0x0000000604000000, 0x0000000603c00000| Untracked 
|  16|0x0000000604000000, 0x0000000604400000, 0x0000000604400000|100%| O|  |TAMS 0x0000000604400000, 0x0000000604000000| Untracked 
|  17|0x0000000604400000, 0x0000000604800000, 0x0000000604800000|100%| O|  |TAMS 0x0000000604800000, 0x0000000604400000| Untracked 
|  18|0x0000000604800000, 0x0000000604c00000, 0x0000000604c00000|100%| O|  |TAMS 0x0000000604c00000, 0x0000000604800000| Untracked 
|  19|0x0000000604c00000, 0x0000000605000000, 0x0000000605000000|100%| O|  |TAMS 0x0000000605000000, 0x0000000604c00000| Untracked 
|  20|0x0000000605000000, 0x0000000605400000, 0x0000000605400000|100%| O|  |TAMS 0x0000000605400000, 0x0000000605000000| Untracked 
|  21|0x0000000605400000, 0x0000000605800000, 0x0000000605800000|100%| O|  |TAMS 0x0000000605800000, 0x0000000605400000| Untracked 
|  22|0x0000000605800000, 0x0000000605c00000, 0x0000000605c00000|100%| O|  |TAMS 0x0000000605c00000, 0x0000000605800000| Untracked 
|  23|0x0000000605c00000, 0x0000000606000000, 0x0000000606000000|100%| O|  |TAMS 0x0000000606000000, 0x0000000605c00000| Untracked 
|  24|0x0000000606000000, 0x0000000606400000, 0x0000000606400000|100%| O|  |TAMS 0x0000000606400000, 0x0000000606000000| Untracked 
|  25|0x0000000606400000, 0x0000000606800000, 0x0000000606800000|100%| O|  |TAMS 0x0000000606800000, 0x0000000606400000| Untracked 
|  26|0x0000000606800000, 0x0000000606c00000, 0x0000000606c00000|100%| O|  |TAMS 0x0000000606c00000, 0x0000000606800000| Untracked 
|  27|0x0000000606c00000, 0x0000000607000000, 0x0000000607000000|100%| O|  |TAMS 0x0000000607000000, 0x0000000606c00000| Untracked 
|  28|0x0000000607000000, 0x0000000607400000, 0x0000000607400000|100%| O|  |TAMS 0x0000000607400000, 0x0000000607000000| Untracked 
|  29|0x0000000607400000, 0x0000000607800000, 0x0000000607800000|100%| O|  |TAMS 0x0000000607800000, 0x0000000607400000| Untracked 
|  30|0x0000000607800000, 0x0000000607c00000, 0x0000000607c00000|100%| O|  |TAMS 0x0000000607c00000, 0x0000000607800000| Untracked 
|  31|0x0000000607c00000, 0x0000000608000000, 0x0000000608000000|100%| O|  |TAMS 0x0000000608000000, 0x0000000607c00000| Untracked 
|  32|0x0000000608000000, 0x0000000608400000, 0x0000000608400000|100%|HS|  |TAMS 0x0000000608400000, 0x0000000608000000| Complete 
|  33|0x0000000608400000, 0x0000000608800000, 0x0000000608800000|100%| O|  |TAMS 0x0000000608800000, 0x0000000608400000| Untracked 
|  34|0x0000000608800000, 0x0000000608c00000, 0x0000000608c00000|100%| O|  |TAMS 0x0000000608c00000, 0x0000000608800000| Untracked 
|  35|0x0000000608c00000, 0x0000000609000000, 0x0000000609000000|100%| O|  |TAMS 0x0000000609000000, 0x0000000608c00000| Untracked 
|  36|0x0000000609000000, 0x0000000609400000, 0x0000000609400000|100%| O|  |TAMS 0x0000000609400000, 0x0000000609000000| Untracked 
|  37|0x0000000609400000, 0x0000000609800000, 0x0000000609800000|100%| O|  |TAMS 0x0000000609800000, 0x0000000609400000| Untracked 
|  38|0x0000000609800000, 0x0000000609c00000, 0x0000000609c00000|100%| O|  |TAMS 0x0000000609c00000, 0x0000000609800000| Untracked 
|  39|0x0000000609c00000, 0x000000060a000000, 0x000000060a000000|100%| O|  |TAMS 0x000000060a000000, 0x0000000609c00000| Untracked 
|  40|0x000000060a000000, 0x000000060a400000, 0x000000060a400000|100%| O|  |TAMS 0x000000060a400000, 0x000000060a000000| Untracked 
|  41|0x000000060a400000, 0x000000060a800000, 0x000000060a800000|100%| O|  |TAMS 0x000000060a800000, 0x000000060a400000| Untracked 
|  42|0x000000060a800000, 0x000000060ac00000, 0x000000060ac00000|100%| O|  |TAMS 0x000000060ac00000, 0x000000060a800000| Untracked 
|  43|0x000000060ac00000, 0x000000060b000000, 0x000000060b000000|100%| O|  |TAMS 0x000000060b000000, 0x000000060ac00000| Untracked 
|  44|0x000000060b000000, 0x000000060b400000, 0x000000060b400000|100%| O|  |TAMS 0x000000060b400000, 0x000000060b000000| Untracked 
|  45|0x000000060b400000, 0x000000060b800000, 0x000000060b800000|100%| O|  |TAMS 0x000000060b800000, 0x000000060b400000| Untracked 
|  46|0x000000060b800000, 0x000000060bc00000, 0x000000060bc00000|100%| O|  |TAMS 0x000000060bc00000, 0x000000060b800000| Untracked 
|  47|0x000000060bc00000, 0x000000060c000000, 0x000000060c000000|100%| O|  |TAMS 0x000000060bc87a00, 0x000000060bc00000| Untracked 
|  48|0x000000060c000000, 0x000000060c400000, 0x000000060c400000|100%| O|  |TAMS 0x000000060c000000, 0x000000060c000000| Untracked 
|  49|0x000000060c400000, 0x000000060c800000, 0x000000060c800000|100%| O|  |TAMS 0x000000060c400000, 0x000000060c400000| Untracked 
|  50|0x000000060c800000, 0x000000060cc00000, 0x000000060cc00000|100%| O|  |TAMS 0x000000060c800000, 0x000000060c800000| Untracked 
|  51|0x000000060cc00000, 0x000000060d000000, 0x000000060d000000|100%| O|  |TAMS 0x000000060cc00000, 0x000000060cc00000| Untracked 
|  52|0x000000060d000000, 0x000000060d400000, 0x000000060d400000|100%| O|  |TAMS 0x000000060d000000, 0x000000060d000000| Untracked 
|  53|0x000000060d400000, 0x000000060d800000, 0x000000060d800000|100%| O|  |TAMS 0x000000060d400000, 0x000000060d400000| Untracked 
|  54|0x000000060d800000, 0x000000060d800000, 0x000000060dc00000|  0%| F|  |TAMS 0x000000060d800000, 0x000000060d800000| Untracked 
|  55|0x000000060dc00000, 0x000000060dc00000, 0x000000060e000000|  0%| F|  |TAMS 0x000000060dc00000, 0x000000060dc00000| Untracked 
|  56|0x000000060e000000, 0x000000060e000000, 0x000000060e400000|  0%| F|  |TAMS 0x000000060e000000, 0x000000060e000000| Untracked 
|  57|0x000000060e400000, 0x000000060e400000, 0x000000060e800000|  0%| F|  |TAMS 0x000000060e400000, 0x000000060e400000| Untracked 
|  58|0x000000060e800000, 0x000000060e800000, 0x000000060ec00000|  0%| F|  |TAMS 0x000000060e800000, 0x000000060e800000| Untracked 
|  59|0x000000060ec00000, 0x000000060ec00000, 0x000000060f000000|  0%| F|  |TAMS 0x000000060ec00000, 0x000000060ec00000| Untracked 
|  60|0x000000060f000000, 0x000000060f000000, 0x000000060f400000|  0%| F|  |TAMS 0x000000060f000000, 0x000000060f000000| Untracked 
|  61|0x000000060f400000, 0x000000060f400000, 0x000000060f800000|  0%| F|  |TAMS 0x000000060f400000, 0x000000060f400000| Untracked 
|  62|0x000000060f800000, 0x000000060f800000, 0x000000060fc00000|  0%| F|  |TAMS 0x000000060f800000, 0x000000060f800000| Untracked 
|  63|0x000000060fc00000, 0x000000060fc00000, 0x0000000610000000|  0%| F|  |TAMS 0x000000060fc00000, 0x000000060fc00000| Untracked 
|  64|0x0000000610000000, 0x0000000610000000, 0x0000000610400000|  0%| F|  |TAMS 0x0000000610000000, 0x0000000610000000| Untracked 
|  65|0x0000000610400000, 0x0000000610400000, 0x0000000610800000|  0%| F|  |TAMS 0x0000000610400000, 0x0000000610400000| Untracked 
|  66|0x0000000610800000, 0x0000000610800000, 0x0000000610c00000|  0%| F|  |TAMS 0x0000000610800000, 0x0000000610800000| Untracked 
|  67|0x0000000610c00000, 0x0000000610c00000, 0x0000000611000000|  0%| F|  |TAMS 0x0000000610c00000, 0x0000000610c00000| Untracked 
|  68|0x0000000611000000, 0x0000000611000000, 0x0000000611400000|  0%| F|  |TAMS 0x0000000611000000, 0x0000000611000000| Untracked 
|  69|0x0000000611400000, 0x000000061177d130, 0x0000000611800000| 87%| S|CS|TAMS 0x0000000611400000, 0x0000000611400000| Complete 
|  70|0x0000000611800000, 0x0000000611c00000, 0x0000000611c00000|100%| S|CS|TAMS 0x0000000611800000, 0x0000000611800000| Complete 
|  71|0x0000000611c00000, 0x0000000611c00000, 0x0000000612000000|  0%| F|  |TAMS 0x0000000611c00000, 0x0000000611c00000| Untracked 
|  72|0x0000000612000000, 0x0000000612000000, 0x0000000612400000|  0%| F|  |TAMS 0x0000000612000000, 0x0000000612000000| Untracked 
|  73|0x0000000612400000, 0x0000000612400000, 0x0000000612800000|  0%| F|  |TAMS 0x0000000612400000, 0x0000000612400000| Untracked 
|  74|0x0000000612800000, 0x0000000612800000, 0x0000000612c00000|  0%| F|  |TAMS 0x0000000612800000, 0x0000000612800000| Untracked 
|  75|0x0000000612c00000, 0x0000000612c00000, 0x0000000613000000|  0%| F|  |TAMS 0x0000000612c00000, 0x0000000612c00000| Untracked 
|  76|0x0000000613000000, 0x0000000613000000, 0x0000000613400000|  0%| F|  |TAMS 0x0000000613000000, 0x0000000613000000| Untracked 
|  77|0x0000000613400000, 0x0000000613400000, 0x0000000613800000|  0%| F|  |TAMS 0x0000000613400000, 0x0000000613400000| Untracked 
|  78|0x0000000613800000, 0x0000000613c00000, 0x0000000613c00000|100%| S|CS|TAMS 0x0000000613800000, 0x0000000613800000| Complete 
|  79|0x0000000613c00000, 0x0000000613c00000, 0x0000000614000000|  0%| F|  |TAMS 0x0000000613c00000, 0x0000000613c00000| Untracked 
|  80|0x0000000614000000, 0x0000000614000000, 0x0000000614400000|  0%| F|  |TAMS 0x0000000614000000, 0x0000000614000000| Untracked 
|  81|0x0000000614400000, 0x0000000614400000, 0x0000000614800000|  0%| F|  |TAMS 0x0000000614400000, 0x0000000614400000| Untracked 
|  82|0x0000000614800000, 0x0000000614800000, 0x0000000614c00000|  0%| F|  |TAMS 0x0000000614800000, 0x0000000614800000| Untracked 
|  83|0x0000000614c00000, 0x0000000614c00000, 0x0000000615000000|  0%| F|  |TAMS 0x0000000614c00000, 0x0000000614c00000| Untracked 
|  84|0x0000000615000000, 0x0000000615000000, 0x0000000615400000|  0%| F|  |TAMS 0x0000000615000000, 0x0000000615000000| Untracked 
|  85|0x0000000615400000, 0x0000000615400000, 0x0000000615800000|  0%| F|  |TAMS 0x0000000615400000, 0x0000000615400000| Untracked 
|  86|0x0000000615800000, 0x0000000615800000, 0x0000000615c00000|  0%| F|  |TAMS 0x0000000615800000, 0x0000000615800000| Untracked 
|  87|0x0000000615c00000, 0x0000000615c00000, 0x0000000616000000|  0%| F|  |TAMS 0x0000000615c00000, 0x0000000615c00000| Untracked 
|  88|0x0000000616000000, 0x0000000616000000, 0x0000000616400000|  0%| F|  |TAMS 0x0000000616000000, 0x0000000616000000| Untracked 
|  89|0x0000000616400000, 0x0000000616400000, 0x0000000616800000|  0%| F|  |TAMS 0x0000000616400000, 0x0000000616400000| Untracked 
|  90|0x0000000616800000, 0x0000000616800000, 0x0000000616c00000|  0%| F|  |TAMS 0x0000000616800000, 0x0000000616800000| Untracked 
|  91|0x0000000616c00000, 0x0000000616c00000, 0x0000000617000000|  0%| F|  |TAMS 0x0000000616c00000, 0x0000000616c00000| Untracked 
|  92|0x0000000617000000, 0x0000000617000000, 0x0000000617400000|  0%| F|  |TAMS 0x0000000617000000, 0x0000000617000000| Untracked 
|  93|0x0000000617400000, 0x0000000617400000, 0x0000000617800000|  0%| F|  |TAMS 0x0000000617400000, 0x0000000617400000| Untracked 
|  94|0x0000000617800000, 0x0000000617800000, 0x0000000617c00000|  0%| F|  |TAMS 0x0000000617800000, 0x0000000617800000| Untracked 
|  95|0x0000000617c00000, 0x0000000617c00000, 0x0000000618000000|  0%| F|  |TAMS 0x0000000617c00000, 0x0000000617c00000| Untracked 
|  96|0x0000000618000000, 0x0000000618000000, 0x0000000618400000|  0%| F|  |TAMS 0x0000000618000000, 0x0000000618000000| Untracked 
|  97|0x0000000618400000, 0x0000000618400000, 0x0000000618800000|  0%| F|  |TAMS 0x0000000618400000, 0x0000000618400000| Untracked 
|  98|0x0000000618800000, 0x0000000618800000, 0x0000000618c00000|  0%| F|  |TAMS 0x0000000618800000, 0x0000000618800000| Untracked 
|  99|0x0000000618c00000, 0x0000000618c00000, 0x0000000619000000|  0%| F|  |TAMS 0x0000000618c00000, 0x0000000618c00000| Untracked 
| 100|0x0000000619000000, 0x0000000619000000, 0x0000000619400000|  0%| F|  |TAMS 0x0000000619000000, 0x0000000619000000| Untracked 
| 101|0x0000000619400000, 0x0000000619400000, 0x0000000619800000|  0%| F|  |TAMS 0x0000000619400000, 0x0000000619400000| Untracked 
| 102|0x0000000619800000, 0x0000000619800000, 0x0000000619c00000|  0%| F|  |TAMS 0x0000000619800000, 0x0000000619800000| Untracked 
| 103|0x0000000619c00000, 0x0000000619c00000, 0x000000061a000000|  0%| F|  |TAMS 0x0000000619c00000, 0x0000000619c00000| Untracked 
| 104|0x000000061a000000, 0x000000061a000000, 0x000000061a400000|  0%| F|  |TAMS 0x000000061a000000, 0x000000061a000000| Untracked 
| 105|0x000000061a400000, 0x000000061a400000, 0x000000061a800000|  0%| F|  |TAMS 0x000000061a400000, 0x000000061a400000| Untracked 
| 106|0x000000061a800000, 0x000000061a800000, 0x000000061ac00000|  0%| F|  |TAMS 0x000000061a800000, 0x000000061a800000| Untracked 
| 107|0x000000061ac00000, 0x000000061ac00000, 0x000000061b000000|  0%| F|  |TAMS 0x000000061ac00000, 0x000000061ac00000| Untracked 
| 108|0x000000061b000000, 0x000000061b000000, 0x000000061b400000|  0%| F|  |TAMS 0x000000061b000000, 0x000000061b000000| Untracked 
| 109|0x000000061b400000, 0x000000061b400000, 0x000000061b800000|  0%| F|  |TAMS 0x000000061b400000, 0x000000061b400000| Untracked 
| 110|0x000000061b800000, 0x000000061b800000, 0x000000061bc00000|  0%| F|  |TAMS 0x000000061b800000, 0x000000061b800000| Untracked 
| 111|0x000000061bc00000, 0x000000061bc00000, 0x000000061c000000|  0%| F|  |TAMS 0x000000061bc00000, 0x000000061bc00000| Untracked 
| 112|0x000000061c000000, 0x000000061c000000, 0x000000061c400000|  0%| F|  |TAMS 0x000000061c000000, 0x000000061c000000| Untracked 
| 113|0x000000061c400000, 0x000000061c73f910, 0x000000061c800000| 81%| E|  |TAMS 0x000000061c400000, 0x000000061c400000| Complete 
| 114|0x000000061c800000, 0x000000061cc00000, 0x000000061cc00000|100%| E|CS|TAMS 0x000000061c800000, 0x000000061c800000| Complete 
| 115|0x000000061cc00000, 0x000000061d000000, 0x000000061d000000|100%| E|CS|TAMS 0x000000061cc00000, 0x000000061cc00000| Complete 
| 116|0x000000061d000000, 0x000000061d400000, 0x000000061d400000|100%| E|CS|TAMS 0x000000061d000000, 0x000000061d000000| Complete 
| 117|0x000000061d400000, 0x000000061d800000, 0x000000061d800000|100%| E|CS|TAMS 0x000000061d400000, 0x000000061d400000| Complete 
| 118|0x000000061d800000, 0x000000061dc00000, 0x000000061dc00000|100%| E|CS|TAMS 0x000000061d800000, 0x000000061d800000| Complete 
| 119|0x000000061dc00000, 0x000000061e000000, 0x000000061e000000|100%| E|CS|TAMS 0x000000061dc00000, 0x000000061dc00000| Complete 
| 120|0x000000061e000000, 0x000000061e400000, 0x000000061e400000|100%| E|CS|TAMS 0x000000061e000000, 0x000000061e000000| Complete 
| 121|0x000000061e400000, 0x000000061e800000, 0x000000061e800000|100%| E|CS|TAMS 0x000000061e400000, 0x000000061e400000| Complete 
| 122|0x000000061e800000, 0x000000061ec00000, 0x000000061ec00000|100%| E|CS|TAMS 0x000000061e800000, 0x000000061e800000| Complete 

Card table byte_map: [0x0000026a6c640000,0x0000026a6d640000] _byte_map_base: 0x0000026a69640000

Marking Bits (Prev, Next): (CMBitMap*) 0x0000026a436b6dd0, (CMBitMap*) 0x0000026a436b6e10
 Prev Bits: [0x0000026a6e640000, 0x0000026a76640000)
 Next Bits: [0x0000026a76640000, 0x0000026a7e640000)

Polling page: 0x0000026a41530000

Metaspace:

Usage:
  Non-class:     95.21 MB used.
      Class:     15.34 MB used.
       Both:    110.55 MB used.

Virtual space:
  Non-class space:      128.00 MB reserved,      96.00 MB ( 75%) committed,  2 nodes.
      Class space:        1.00 GB reserved,      16.00 MB (  2%) committed,  1 nodes.
             Both:        1.12 GB reserved,     112.00 MB ( 10%) committed. 

Chunk freelists:
   Non-Class:  15.94 MB
       Class:  58.00 KB
        Both:  15.99 MB

MaxMetaspaceSize: 4.00 GB
CompressedClassSpaceSize: 1.00 GB
Initial GC threshold: 21.00 MB
Current GC threshold: 185.44 MB
CDS: on
MetaspaceReclaimPolicy: balanced
 - commit_granule_bytes: 65536.
 - commit_granule_words: 8192.
 - virtual_space_node_default_size: 8388608.
 - enlarge_chunks_in_place: 1.
 - new_chunks_are_fully_committed: 0.
 - uncommit_free_chunks: 1.
 - use_allocation_guard: 0.
 - handle_deallocations: 1.


Internal statistics:

num_allocs_failed_limit: 9.
num_arena_births: 1982.
num_arena_deaths: 2.
num_vsnodes_births: 3.
num_vsnodes_deaths: 0.
num_space_committed: 1792.
num_space_uncommitted: 0.
num_chunks_returned_to_freelist: 12.
num_chunks_taken_from_freelist: 7324.
num_chunk_merges: 9.
num_chunk_splits: 4620.
num_chunks_enlarged: 2822.
num_inconsistent_stats: 0.

CodeHeap 'non-profiled nmethods': size=259264Kb used=10783Kb max_used=10783Kb free=248480Kb
 bounds [0x0000026a5b190000, 0x0000026a5bc20000, 0x0000026a6aec0000]
CodeHeap 'profiled nmethods': size=259264Kb used=28866Kb max_used=29549Kb free=230397Kb
 bounds [0x0000026a4aec0000, 0x0000026a4cba0000, 0x0000026a5abf0000]
CodeHeap 'non-nmethods': size=5760Kb used=2470Kb max_used=2530Kb free=3290Kb
 bounds [0x0000026a5abf0000, 0x0000026a5ae80000, 0x0000026a5b190000]
 total_blobs=15619 nmethods=14607 adapters=923
 compilation: enabled
              stopped_count=0, restarted_count=0
 full_count=0

Compilation events (20 events):
Event: 144.164 Thread 0x0000026a7f409050 17881       3       org.gradle.api.internal.artifacts.dependencies.AbstractExternalModuleDependency::<init> (37 bytes)
Event: 144.165 Thread 0x0000026a7f409050 nmethod 17881 0x0000026a4ba43190 code [0x0000026a4ba43380, 0x0000026a4ba437e8]
Event: 144.165 Thread 0x0000026a7f409050 17882       3       org.gradle.api.internal.attributes.immutable.ImmutableAttributesSchema$ImmutableAttributeMatchingStrategy$ChainedCompatibilityRule::hashCode (8 bytes)
Event: 144.165 Thread 0x0000026a7f409050 nmethod 17882 0x0000026a4bba6690 code [0x0000026a4bba6840, 0x0000026a4bba6a08]
Event: 144.165 Thread 0x0000026a7f409050 17883       3       org.gradle.api.internal.attributes.immutable.ImmutableAttributesSchema$ImmutableAttributeMatchingStrategy$ChainedDisambiguationRule::hashCode (8 bytes)
Event: 144.165 Thread 0x0000026a7f409050 nmethod 17883 0x0000026a4ba42d10 code [0x0000026a4ba42ec0, 0x0000026a4ba43088]
Event: 144.165 Thread 0x0000026a7f409050 17884       3       org.gradle.api.internal.attributes.immutable.ImmutableAttributesSchema$ImmutableAttributeMatchingStrategy::equals (63 bytes)
Event: 144.166 Thread 0x0000026a7f409050 nmethod 17884 0x0000026a4bbcbe10 code [0x0000026a4bbcc000, 0x0000026a4bbcc4d8]
Event: 144.166 Thread 0x0000026a7f409050 17885       1       org.gradle.api.internal.initialization.StandaloneDomainObjectContext::isScript (2 bytes)
Event: 144.166 Thread 0x0000026a7f409050 nmethod 17885 0x0000026a5bc0c310 code [0x0000026a5bc0c4a0, 0x0000026a5bc0c578]
Event: 144.175 Thread 0x0000026a7f407f30 nmethod 17880 0x0000026a5bc0c610 code [0x0000026a5bc0c7c0, 0x0000026a5bc0ccf8]
Event: 144.184 Thread 0x0000026a7f407f30 17886       4       org.gradle.api.internal.artifacts.DefaultImmutableModuleIdentifierFactory::module (74 bytes)
Event: 145.239 Thread 0x0000026acb702aa0 nmethod 17874% 0x0000026a5bc0d010 code [0x0000026a5bc0d300, 0x0000026a5bc0ee00]
Event: 145.239 Thread 0x0000026acb702aa0 17888       4       org.gradle.api.internal.artifacts.ivyservice.resolveengine.graph.builder.ResolveState::getModule (22 bytes)
Event: 145.242 Thread 0x0000026acb702aa0 nmethod 17888 0x0000026a5bc10610 code [0x0000026a5bc107a0, 0x0000026a5bc10928]
Event: 145.242 Thread 0x0000026acb702aa0 17887       4       org.gradle.api.internal.artifacts.ivyservice.moduleconverter.dependencies.DefaultExcludeRuleConverter::createExcludeRule (39 bytes)
Event: 145.253 Thread 0x0000026a7f407f30 nmethod 17886 0x0000026a5bc10b10 code [0x0000026a5bc10d60, 0x0000026a5bc11fd0]
Event: 145.253 Thread 0x0000026a7f407f30 17889       4       org.gradle.internal.component.model.DefaultExternalComponentGraphResolveState$$Lambda$937/0x0000026a816f8d70::apply (8 bytes)
Event: 145.264 Thread 0x0000026a7f407f30 nmethod 17889 0x0000026a5bc12b90 code [0x0000026a5bc12d40, 0x0000026a5bc132c8]
Event: 145.285 Thread 0x0000026a7f407f30 17890       4       org.gradle.internal.component.external.model.VariantMetadataRules$$Lambda$939/0x0000026a816f9450::apply (12 bytes)

GC Heap History (20 events):
Event: 130.720 GC heap before
{Heap before GC invocations=59 (full 0):
 garbage-first heap   total 348160K, used 286615K [0x0000000600000000, 0x0000000800000000)
  region size 4096K, 38 young (155648K), 3 survivors (12288K)
 Metaspace       used 110033K, committed 111232K, reserved 1179648K
  class space    used 15340K, committed 15872K, reserved 1048576K
}
Event: 130.744 GC heap after
{Heap after GC invocations=60 (full 0):
 garbage-first heap   total 348160K, used 157780K [0x0000000600000000, 0x0000000800000000)
  region size 4096K, 5 young (20480K), 5 survivors (20480K)
 Metaspace       used 110033K, committed 111232K, reserved 1179648K
  class space    used 15340K, committed 15872K, reserved 1048576K
}
Event: 132.554 GC heap before
{Heap before GC invocations=60 (full 0):
 garbage-first heap   total 348160K, used 268372K [0x0000000600000000, 0x0000000800000000)
  region size 4096K, 33 young (135168K), 5 survivors (20480K)
 Metaspace       used 110334K, committed 111552K, reserved 1179648K
  class space    used 15369K, committed 15936K, reserved 1048576K
}
Event: 132.575 GC heap after
{Heap after GC invocations=61 (full 0):
 garbage-first heap   total 348160K, used 169104K [0x0000000600000000, 0x0000000800000000)
  region size 4096K, 4 young (16384K), 4 survivors (16384K)
 Metaspace       used 110334K, committed 111552K, reserved 1179648K
  class space    used 15369K, committed 15936K, reserved 1048576K
}
Event: 133.019 GC heap before
{Heap before GC invocations=61 (full 0):
 garbage-first heap   total 348160K, used 267408K [0x0000000600000000, 0x0000000800000000)
  region size 4096K, 29 young (118784K), 4 survivors (16384K)
 Metaspace       used 110337K, committed 111552K, reserved 1179648K
  class space    used 15369K, committed 15936K, reserved 1048576K
}
Event: 133.028 GC heap after
{Heap after GC invocations=62 (full 0):
 garbage-first heap   total 348160K, used 171426K [0x0000000600000000, 0x0000000800000000)
  region size 4096K, 2 young (8192K), 2 survivors (8192K)
 Metaspace       used 110337K, committed 111552K, reserved 1179648K
  class space    used 15369K, committed 15936K, reserved 1048576K
}
Event: 134.636 GC heap before
{Heap before GC invocations=62 (full 0):
 garbage-first heap   total 348160K, used 277922K [0x0000000600000000, 0x0000000800000000)
  region size 4096K, 28 young (114688K), 2 survivors (8192K)
 Metaspace       used 111769K, committed 113088K, reserved 1179648K
  class space    used 15540K, committed 16128K, reserved 1048576K
}
Event: 134.654 GC heap after
{Heap after GC invocations=63 (full 0):
 garbage-first heap   total 417792K, used 183219K [0x0000000600000000, 0x0000000800000000)
  region size 4096K, 4 young (16384K), 4 survivors (16384K)
 Metaspace       used 111769K, committed 113088K, reserved 1179648K
  class space    used 15540K, committed 16128K, reserved 1048576K
}
Event: 135.692 GC heap before
{Heap before GC invocations=63 (full 0):
 garbage-first heap   total 417792K, used 326579K [0x0000000600000000, 0x0000000800000000)
  region size 4096K, 39 young (159744K), 4 survivors (16384K)
 Metaspace       used 111860K, committed 113152K, reserved 1179648K
  class space    used 15546K, committed 16128K, reserved 1048576K
}
Event: 135.706 GC heap after
{Heap after GC invocations=64 (full 0):
 garbage-first heap   total 417792K, used 186199K [0x0000000600000000, 0x0000000800000000)
  region size 4096K, 2 young (8192K), 2 survivors (8192K)
 Metaspace       used 111860K, committed 113152K, reserved 1179648K
  class space    used 15546K, committed 16128K, reserved 1048576K
}
Event: 136.904 GC heap before
{Heap before GC invocations=64 (full 0):
 garbage-first heap   total 417792K, used 329559K [0x0000000600000000, 0x0000000800000000)
  region size 4096K, 38 young (155648K), 2 survivors (8192K)
 Metaspace       used 112143K, committed 113536K, reserved 1179648K
  class space    used 15576K, committed 16192K, reserved 1048576K
}
Event: 136.917 GC heap after
{Heap after GC invocations=65 (full 0):
 garbage-first heap   total 417792K, used 195732K [0x0000000600000000, 0x0000000800000000)
  region size 4096K, 4 young (16384K), 4 survivors (16384K)
 Metaspace       used 112143K, committed 113536K, reserved 1179648K
  class space    used 15576K, committed 16192K, reserved 1048576K
}
Event: 137.796 GC heap before
{Heap before GC invocations=65 (full 0):
 garbage-first heap   total 417792K, used 330900K [0x0000000600000000, 0x0000000800000000)
  region size 4096K, 38 young (155648K), 4 survivors (16384K)
 Metaspace       used 112318K, committed 113728K, reserved 1179648K
  class space    used 15599K, committed 16192K, reserved 1048576K
}
Event: 137.817 GC heap after
{Heap after GC invocations=66 (full 0):
 garbage-first heap   total 417792K, used 203927K [0x0000000600000000, 0x0000000800000000)
  region size 4096K, 3 young (12288K), 3 survivors (12288K)
 Metaspace       used 112318K, committed 113728K, reserved 1179648K
  class space    used 15599K, committed 16192K, reserved 1048576K
}
Event: 138.612 GC heap before
{Heap before GC invocations=66 (full 0):
 garbage-first heap   total 417792K, used 330903K [0x0000000600000000, 0x0000000800000000)
  region size 4096K, 35 young (143360K), 3 survivors (12288K)
 Metaspace       used 112475K, committed 113920K, reserved 1179648K
  class space    used 15616K, committed 16256K, reserved 1048576K
}
Event: 138.624 GC heap after
{Heap after GC invocations=67 (full 0):
 garbage-first heap   total 503808K, used 208346K [0x0000000600000000, 0x0000000800000000)
  region size 4096K, 4 young (16384K), 4 survivors (16384K)
 Metaspace       used 112475K, committed 113920K, reserved 1179648K
  class space    used 15616K, committed 16256K, reserved 1048576K
}
Event: 141.102 GC heap before
{Heap before GC invocations=68 (full 0):
 garbage-first heap   total 503808K, used 388570K [0x0000000600000000, 0x0000000800000000)
  region size 4096K, 49 young (200704K), 4 survivors (16384K)
 Metaspace       used 112768K, committed 114240K, reserved 1179648K
  class space    used 15660K, committed 16320K, reserved 1048576K
}
Event: 141.133 GC heap after
{Heap after GC invocations=69 (full 0):
 garbage-first heap   total 503808K, used 222763K [0x0000000600000000, 0x0000000800000000)
  region size 4096K, 7 young (28672K), 7 survivors (28672K)
 Metaspace       used 112768K, committed 114240K, reserved 1179648K
  class space    used 15660K, committed 16320K, reserved 1048576K
}
Event: 142.598 GC heap before
{Heap before GC invocations=69 (full 0):
 garbage-first heap   total 503808K, used 398891K [0x0000000600000000, 0x0000000800000000)
  region size 4096K, 51 young (208896K), 7 survivors (28672K)
 Metaspace       used 113010K, committed 114432K, reserved 1179648K
  class space    used 15686K, committed 16320K, reserved 1048576K
}
Event: 142.624 GC heap after
{Heap after GC invocations=70 (full 0):
 garbage-first heap   total 503808K, used 232948K [0x0000000600000000, 0x0000000800000000)
  region size 4096K, 3 young (12288K), 3 survivors (12288K)
 Metaspace       used 113010K, committed 114432K, reserved 1179648K
  class space    used 15686K, committed 16320K, reserved 1048576K
}

Deoptimization events (20 events):
Event: 142.657 Thread 0x0000026ac5200f90 DEOPT PACKING pc=0x0000026a5bb58c5c sp=0x000000751d9f91e0
Event: 142.657 Thread 0x0000026ac5200f90 DEOPT UNPACKING pc=0x0000026a5ac423a3 sp=0x000000751d9f9178 mode 2
Event: 142.657 Thread 0x0000026ac5200f90 Uncommon trap: trap_request=0xffffffc6 fr.pc=0x0000026a5bb58c5c relative=0x00000000000005bc
Event: 142.657 Thread 0x0000026ac5200f90 Uncommon trap: reason=bimorphic_or_optimized_type_check action=maybe_recompile pc=0x0000026a5bb58c5c method=com.google.common.collect.ImmutableMapEntrySet.contains(Ljava/lang/Object;)Z @ 37 c2
Event: 142.657 Thread 0x0000026ac5200f90 DEOPT PACKING pc=0x0000026a5bb58c5c sp=0x000000751d9f91e0
Event: 142.657 Thread 0x0000026ac5200f90 DEOPT UNPACKING pc=0x0000026a5ac423a3 sp=0x000000751d9f9178 mode 2
Event: 142.657 Thread 0x0000026ac5200f90 Uncommon trap: trap_request=0xffffffc6 fr.pc=0x0000026a5bb58c5c relative=0x00000000000005bc
Event: 142.657 Thread 0x0000026ac5200f90 Uncommon trap: reason=bimorphic_or_optimized_type_check action=maybe_recompile pc=0x0000026a5bb58c5c method=com.google.common.collect.ImmutableMapEntrySet.contains(Ljava/lang/Object;)Z @ 37 c2
Event: 142.657 Thread 0x0000026ac5200f90 DEOPT PACKING pc=0x0000026a5bb58c5c sp=0x000000751d9f91e0
Event: 142.657 Thread 0x0000026ac5200f90 DEOPT UNPACKING pc=0x0000026a5ac423a3 sp=0x000000751d9f9178 mode 2
Event: 142.658 Thread 0x0000026ac5200f90 Uncommon trap: trap_request=0xffffffc6 fr.pc=0x0000026a5bb58c5c relative=0x00000000000005bc
Event: 142.658 Thread 0x0000026ac5200f90 Uncommon trap: reason=bimorphic_or_optimized_type_check action=maybe_recompile pc=0x0000026a5bb58c5c method=com.google.common.collect.ImmutableMapEntrySet.contains(Ljava/lang/Object;)Z @ 37 c2
Event: 142.658 Thread 0x0000026ac5200f90 DEOPT PACKING pc=0x0000026a5bb58c5c sp=0x000000751d9f91e0
Event: 142.658 Thread 0x0000026ac5200f90 DEOPT UNPACKING pc=0x0000026a5ac423a3 sp=0x000000751d9f9178 mode 2
Event: 145.339 Thread 0x0000026ac5200f90 Uncommon trap: trap_request=0xffffffdc fr.pc=0x0000026a5bbffaa0 relative=0x0000000000000300
Event: 146.297 Thread 0x0000026ac5200f90 Uncommon trap: reason=class_check action=make_not_entrant pc=0x0000026a5bbffaa0 method=java.util.ArrayList$SubList.toArray([Ljava/lang/Object;)[Ljava/lang/Object; @ 37 c2
Event: 146.297 Thread 0x0000026ac5200a80 DEOPT PACKING pc=0x0000026a4ca86672 sp=0x000000751dcff4a0
Event: 146.297 Thread 0x0000026ac5200a80 DEOPT UNPACKING pc=0x0000026a5ac42b43 sp=0x000000751dcfe9b0 mode 0
Event: 146.297 Thread 0x0000026ac5200f90 DEOPT PACKING pc=0x0000026a5bbffaa0 sp=0x000000751d9f7b20
Event: 146.297 Thread 0x0000026ac5200f90 DEOPT UNPACKING pc=0x0000026a5ac423a3 sp=0x000000751d9f7af8 mode 2

Classes unloaded (1 events):
Event: 35.511 Thread 0x0000026a7e826730 Unloading class 0x0000026a81730400 'java/lang/invoke/LambdaForm$DMH+0x0000026a81730400'

Classes redefined (0 events):
No events

Internal exceptions (20 events):
Event: 139.931 Thread 0x0000026ac5200f90 Exception <a 'java/lang/ClassNotFoundException'{0x0000000618a2e6b8}: com/android/build/gradle/internal/dsl/TestOptionsCustomizer> (0x0000000618a2e6b8) 
thrown [s\open\src\hotspot\share\classfile\systemDictionary.cpp, line 256]
Event: 139.933 Thread 0x0000026ac5200f90 Exception <a 'java/lang/ClassNotFoundException'{0x0000000618a5ec88}: com/android/build/gradle/internal/dsl/TestOptions_DecoratedCustomizer> (0x0000000618a5ec88) 
thrown [s\open\src\hotspot\share\classfile\systemDictionary.cpp, line 256]
Event: 139.941 Thread 0x0000026ac5200f90 Exception <a 'java/lang/ClassNotFoundException'{0x0000000618acee88}: com/android/build/gradle/internal/dsl/TestOptions$UnitTestOptions_DecoratedBeanInfo> (0x0000000618acee88) 
thrown [s\open\src\hotspot\share\classfile\systemDictionary.cpp, line 256]
Event: 139.943 Thread 0x0000026ac5200f90 Exception <a 'java/lang/ClassNotFoundException'{0x0000000618ae0018}: com/android/build/gradle/internal/dsl/TestOptions$UnitTestOptionsBeanInfo> (0x0000000618ae0018) 
thrown [s\open\src\hotspot\share\classfile\systemDictionary.cpp, line 256]
Event: 139.944 Thread 0x0000026ac5200f90 Exception <a 'java/lang/ClassNotFoundException'{0x0000000618af1190}: com/android/build/gradle/internal/dsl/TestOptions$UnitTestOptionsCustomizer> (0x0000000618af1190) 
thrown [s\open\src\hotspot\share\classfile\systemDictionary.cpp, line 256]
Event: 139.946 Thread 0x0000026ac5200f90 Exception <a 'java/lang/ClassNotFoundException'{0x0000000618b095c0}: com/android/build/gradle/internal/dsl/TestOptions$UnitTestOptions_DecoratedCustomizer> (0x0000000618b095c0) 
thrown [s\open\src\hotspot\share\classfile\systemDictionary.cpp, line 256]
Event: 140.336 Thread 0x0000026ac5200f90 Exception <a 'java/lang/ClassNotFoundException'{0x0000000617b035d8}: build_fxh5dw2ikouzfiov10elfkvuBeanInfo> (0x0000000617b035d8) 
thrown [s\open\src\hotspot\share\classfile\systemDictionary.cpp, line 256]
Event: 140.337 Thread 0x0000026ac5200f90 Exception <a 'java/lang/ClassNotFoundException'{0x0000000617b0a9f0}: build_fxh5dw2ikouzfiov10elfkvuCustomizer> (0x0000000617b0a9f0) 
thrown [s\open\src\hotspot\share\classfile\systemDictionary.cpp, line 256]
Event: 140.942 Thread 0x0000026ac5200f90 Exception <a 'java/lang/ClassNotFoundException'{0x0000000613c9aa30}: build_fxh5dw2ikouzfiov10elfkvuBeanInfo> (0x0000000613c9aa30) 
thrown [s\open\src\hotspot\share\classfile\systemDictionary.cpp, line 256]
Event: 140.942 Thread 0x0000026ac5200f90 Exception <a 'java/lang/ClassNotFoundException'{0x0000000613ca1de8}: build_fxh5dw2ikouzfiov10elfkvuCustomizer> (0x0000000613ca1de8) 
thrown [s\open\src\hotspot\share\classfile\systemDictionary.cpp, line 256]
Event: 141.255 Thread 0x0000026ac5200f90 Exception <a 'java/lang/ClassNotFoundException'{0x000000061e1289c0}: build_2zrqsdbk57sfv8q9z31hp1b0tBeanInfo> (0x000000061e1289c0) 
thrown [s\open\src\hotspot\share\classfile\systemDictionary.cpp, line 256]
Event: 141.260 Thread 0x0000026ac5200f90 Exception <a 'java/lang/ClassNotFoundException'{0x000000061e12fe00}: build_2zrqsdbk57sfv8q9z31hp1b0tCustomizer> (0x000000061e12fe00) 
thrown [s\open\src\hotspot\share\classfile\systemDictionary.cpp, line 256]
Event: 142.224 Thread 0x0000026ac5200f90 Exception <a 'java/lang/ClassNotFoundException'{0x0000000616ee8600}: build_2zrqsdbk57sfv8q9z31hp1b0tBeanInfo> (0x0000000616ee8600) 
thrown [s\open\src\hotspot\share\classfile\systemDictionary.cpp, line 256]
Event: 142.225 Thread 0x0000026ac5200f90 Exception <a 'java/lang/ClassNotFoundException'{0x0000000616eef9d8}: build_2zrqsdbk57sfv8q9z31hp1b0tCustomizer> (0x0000000616eef9d8) 
thrown [s\open\src\hotspot\share\classfile\systemDictionary.cpp, line 256]
Event: 142.559 Thread 0x0000026ac5200f90 Exception <a 'java/lang/ClassNotFoundException'{0x0000000614114fe8}: build_b3wz0nc603svg1na1pd3pw3umBeanInfo> (0x0000000614114fe8) 
thrown [s\open\src\hotspot\share\classfile\systemDictionary.cpp, line 256]
Event: 142.559 Thread 0x0000026ac5200f90 Exception <a 'java/lang/ClassNotFoundException'{0x000000061411c428}: build_b3wz0nc603svg1na1pd3pw3umCustomizer> (0x000000061411c428) 
thrown [s\open\src\hotspot\share\classfile\systemDictionary.cpp, line 256]
Event: 142.694 Thread 0x0000026ac5200f90 Exception <a 'java/lang/ClassNotFoundException'{0x000000061e1e9da8}: build_b3wz0nc603svg1na1pd3pw3umBeanInfo> (0x000000061e1e9da8) 
thrown [s\open\src\hotspot\share\classfile\systemDictionary.cpp, line 256]
Event: 142.695 Thread 0x0000026ac5200f90 Exception <a 'java/lang/ClassNotFoundException'{0x000000061e3042c8}: build_b3wz0nc603svg1na1pd3pw3umCustomizer> (0x000000061e3042c8) 
thrown [s\open\src\hotspot\share\classfile\systemDictionary.cpp, line 256]
Event: 144.137 Thread 0x0000026ac5200f90 Exception <a 'java/lang/ClassNotFoundException'{0x000000061d334aa8}: build_bfzfvllkcbs8p0kd9vpbw6vryBeanInfo> (0x000000061d334aa8) 
thrown [s\open\src\hotspot\share\classfile\systemDictionary.cpp, line 256]
Event: 144.137 Thread 0x0000026ac5200f90 Exception <a 'java/lang/ClassNotFoundException'{0x000000061d33bee8}: build_bfzfvllkcbs8p0kd9vpbw6vryCustomizer> (0x000000061d33bee8) 
thrown [s\open\src\hotspot\share\classfile\systemDictionary.cpp, line 256]

VM Operations (20 events):
Event: 138.612 Executing VM operation: G1CollectForAllocation
Event: 138.630 Executing VM operation: G1CollectForAllocation done
Event: 138.837 Executing VM operation: G1Concurrent
Event: 138.853 Executing VM operation: G1Concurrent done
Event: 138.926 Executing VM operation: G1Concurrent
Event: 138.927 Executing VM operation: G1Concurrent done
Event: 139.940 Executing VM operation: Cleanup
Event: 139.940 Executing VM operation: Cleanup done
Event: 140.947 Executing VM operation: Cleanup
Event: 140.947 Executing VM operation: Cleanup done
Event: 141.102 Executing VM operation: G1CollectForAllocation
Event: 141.133 Executing VM operation: G1CollectForAllocation done
Event: 142.138 Executing VM operation: Cleanup
Event: 142.141 Executing VM operation: Cleanup done
Event: 142.598 Executing VM operation: G1CollectForAllocation
Event: 142.624 Executing VM operation: G1CollectForAllocation done
Event: 143.626 Executing VM operation: Cleanup
Event: 143.626 Executing VM operation: Cleanup done
Event: 144.641 Executing VM operation: Cleanup
Event: 145.224 Executing VM operation: Cleanup done

Events (20 events):
Event: 138.174 Thread 0x0000026a7f409960 flushing nmethod 0x0000026a4c61ea10
Event: 138.175 Thread 0x0000026a7f409960 flushing nmethod 0x0000026a4c642610
Event: 138.175 Thread 0x0000026a7f409960 flushing nmethod 0x0000026a4c647690
Event: 138.175 Thread 0x0000026a7f409960 flushing nmethod 0x0000026a4c649a90
Event: 138.175 Thread 0x0000026a7f409960 flushing nmethod 0x0000026a4c653310
Event: 138.175 Thread 0x0000026a7f409960 flushing nmethod 0x0000026a4c663710
Event: 138.175 Thread 0x0000026a7f409960 flushing nmethod 0x0000026a4c676990
Event: 138.175 Thread 0x0000026a7f409960 flushing nmethod 0x0000026a4c67f890
Event: 138.175 Thread 0x0000026a7f409960 flushing nmethod 0x0000026a4c688b10
Event: 138.177 Thread 0x0000026a7f409960 flushing nmethod 0x0000026a4c81da90
Event: 138.177 Thread 0x0000026a7f409960 flushing nmethod 0x0000026a4c824390
Event: 138.177 Thread 0x0000026a7f409960 flushing nmethod 0x0000026a4c850a90
Event: 138.178 Thread 0x0000026a7f409960 flushing nmethod 0x0000026a4c8dcd90
Event: 138.178 Thread 0x0000026a7f409960 flushing nmethod 0x0000026a4c8e2f90
Event: 138.179 Thread 0x0000026a7f409960 flushing nmethod 0x0000026a4c991110
Event: 138.180 Thread 0x0000026a7f409960 flushing nmethod 0x0000026a4ca83410
Event: 139.910 Thread 0x0000026ac681b2f0 Thread exited: 0x0000026ac681b2f0
Event: 141.303 Thread 0x0000026ac681b2f0 Thread added: 0x0000026ac681b2f0
Event: 142.659 Thread 0x0000026acb702aa0 Thread added: 0x0000026acb702aa0
Event: 142.828 Thread 0x0000026ac5203810 Thread exited: 0x0000026ac5203810


Dynamic libraries:
0x00007ff63f560000 - 0x00007ff63f570000 	C:\Program Files\Java\jdk-17\bin\java.exe
0x00007fff95040000 - 0x00007fff952a6000 	C:\WINDOWS\SYSTEM32\ntdll.dll
0x00007fff94a20000 - 0x00007fff94ae9000 	C:\WINDOWS\System32\KERNEL32.DLL
0x00007fff922e0000 - 0x00007fff926df000 	C:\WINDOWS\System32\KERNELBASE.dll
0x00007fff92ae0000 - 0x00007fff92c2c000 	C:\WINDOWS\System32\ucrtbase.dll
0x00007fff7b9b0000 - 0x00007fff7b9cb000 	C:\Program Files\Java\jdk-17\bin\VCRUNTIME140.dll
0x00007fff7ab20000 - 0x00007fff7ab39000 	C:\Program Files\Java\jdk-17\bin\jli.dll
0x00007fff93210000 - 0x00007fff932cc000 	C:\WINDOWS\System32\ADVAPI32.dll
0x00007fff94cd0000 - 0x00007fff94d79000 	C:\WINDOWS\System32\msvcrt.dll
0x00007fff92e90000 - 0x00007fff92f39000 	C:\WINDOWS\System32\sechost.dll
0x00007fff92d70000 - 0x00007fff92e88000 	C:\WINDOWS\System32\RPCRT4.dll
0x00007fff92fd0000 - 0x00007fff93196000 	C:\WINDOWS\System32\USER32.dll
0x00007fff929f0000 - 0x00007fff92a17000 	C:\WINDOWS\System32\win32u.dll
0x00007fff76a50000 - 0x00007fff76ce1000 	C:\WINDOWS\WinSxS\amd64_microsoft.windows.common-controls_6595b64144ccf1df_6.0.26100.8972_none_3e0da176e32f9d4b\COMCTL32.dll
0x00007fff94d80000 - 0x00007fff94dab000 	C:\WINDOWS\System32\GDI32.dll
0x00007fff92c40000 - 0x00007fff92d69000 	C:\WINDOWS\System32\gdi32full.dll
0x00007fff92940000 - 0x00007fff929e3000 	C:\WINDOWS\System32\msvcp_win.dll
0x00007fff898a0000 - 0x00007fff898ab000 	C:\WINDOWS\SYSTEM32\VERSION.dll
0x00007fff94f90000 - 0x00007fff94fc2000 	C:\WINDOWS\System32\IMM32.DLL
0x00007fff8f050000 - 0x00007fff8f05c000 	C:\Program Files\Java\jdk-17\bin\vcruntime140_1.dll
0x00007fff6b620000 - 0x00007fff6b6ae000 	C:\Program Files\Java\jdk-17\bin\msvcp140.dll
0x00007fff36fd0000 - 0x00007fff37bb0000 	C:\Program Files\Java\jdk-17\bin\server\jvm.dll
0x00007fff94fd0000 - 0x00007fff94fd8000 	C:\WINDOWS\System32\PSAPI.DLL
0x00007fff8be60000 - 0x00007fff8be6a000 	C:\WINDOWS\SYSTEM32\WSOCK32.dll
0x00007fff94990000 - 0x00007fff94a12000 	C:\WINDOWS\System32\WS2_32.dll
0x00007fff89860000 - 0x00007fff89896000 	C:\WINDOWS\SYSTEM32\WINMM.dll
0x00007fff90f40000 - 0x00007fff90f5b000 	C:\WINDOWS\SYSTEM32\kernel.appcore.dll
0x00007fff8c450000 - 0x00007fff8c45a000 	C:\Program Files\Java\jdk-17\bin\jimage.dll
0x00007fff856c0000 - 0x00007fff85902000 	C:\WINDOWS\SYSTEM32\DBGHELP.DLL
0x00007fff938f0000 - 0x00007fff93c75000 	C:\WINDOWS\System32\combase.dll
0x00007fff93810000 - 0x00007fff938e9000 	C:\WINDOWS\System32\OLEAUT32.dll
0x00007fff7a4d0000 - 0x00007fff7a50b000 	C:\WINDOWS\SYSTEM32\dbgcore.DLL
0x00007fff92a20000 - 0x00007fff92acc000 	C:\WINDOWS\System32\bcryptPrimitives.dll
0x00007fff79110000 - 0x00007fff7911e000 	C:\Program Files\Java\jdk-17\bin\instrument.dll
0x00007fff77130000 - 0x00007fff77155000 	C:\Program Files\Java\jdk-17\bin\java.dll
0x00007fff41ac0000 - 0x00007fff41b97000 	C:\Program Files\Java\jdk-17\bin\jsvml.dll
0x00007fff94200000 - 0x00007fff94988000 	C:\WINDOWS\System32\SHELL32.dll
0x00007fff8fd00000 - 0x00007fff9059b000 	C:\WINDOWS\SYSTEM32\windows.storage.dll
0x00007fff94020000 - 0x00007fff94119000 	C:\WINDOWS\System32\SHCORE.dll
0x00007fff931a0000 - 0x00007fff93206000 	C:\WINDOWS\System32\shlwapi.dll
0x00007fff92170000 - 0x00007fff92199000 	C:\WINDOWS\SYSTEM32\profapi.dll
0x00007fff77080000 - 0x00007fff77098000 	C:\Program Files\Java\jdk-17\bin\zip.dll
0x00007fff790b0000 - 0x00007fff790c9000 	C:\Program Files\Java\jdk-17\bin\net.dll
0x00007fff898b0000 - 0x00007fff899d7000 	C:\WINDOWS\SYSTEM32\WINHTTP.dll
0x00007fff914f0000 - 0x00007fff9155c000 	C:\WINDOWS\system32\mswsock.dll
0x00007fff79070000 - 0x00007fff79086000 	C:\Program Files\Java\jdk-17\bin\nio.dll
0x00007fff897b0000 - 0x00007fff897c0000 	C:\Program Files\Java\jdk-17\bin\verify.dll
0x00007fff77000000 - 0x00007fff77027000 	C:\Users\anshu\.gradle\native\1def1411415f61bf3af743bc5b6707747c0891f09f0c88961ee8f79bc544acac\windows-amd64\native-platform.dll
0x00000000539b0000 - 0x0000000053a23000 	C:\Users\anshu\.gradle\native\0.2.5\x86_64-windows-gnu\gradle-fileevents.dll
0x00007fff7aa30000 - 0x00007fff7aa3a000 	C:\Program Files\Java\jdk-17\bin\management.dll
0x00007fff7a950000 - 0x00007fff7a95b000 	C:\Program Files\Java\jdk-17\bin\management_ext.dll
0x00007fff91800000 - 0x00007fff9181b000 	C:\WINDOWS\SYSTEM32\CRYPTSP.dll
0x00007fff90ea0000 - 0x00007fff90ed9000 	C:\WINDOWS\system32\rsaenh.dll
0x00007fff915a0000 - 0x00007fff915d2000 	C:\WINDOWS\SYSTEM32\USERENV.dll
0x00007fff92140000 - 0x00007fff9216a000 	C:\WINDOWS\SYSTEM32\bcrypt.dll
0x00007fff917e0000 - 0x00007fff917ec000 	C:\WINDOWS\SYSTEM32\CRYPTBASE.dll
0x00007fff909a0000 - 0x00007fff909d3000 	C:\WINDOWS\SYSTEM32\IPHLPAPI.DLL
0x00007fff93770000 - 0x00007fff9377a000 	C:\WINDOWS\System32\NSI.dll
0x00007fff89e10000 - 0x00007fff89e2d000 	C:\WINDOWS\SYSTEM32\dhcpcsvc6.DLL
0x00007fff89de0000 - 0x00007fff89e05000 	C:\WINDOWS\SYSTEM32\dhcpcsvc.DLL
0x00007fff909e0000 - 0x00007fff90b38000 	C:\WINDOWS\SYSTEM32\DNSAPI.dll
0x00007fff912f0000 - 0x00007fff912fd000 	C:\WINDOWS\SYSTEM32\DSPARSE.dll
0x00007fff749f0000 - 0x00007fff749fe000 	C:\Program Files\Java\jdk-17\bin\sunmscapi.dll
0x00007fff927b0000 - 0x00007fff9292e000 	C:\WINDOWS\System32\CRYPT32.dll
0x00007fff91a20000 - 0x00007fff91a50000 	C:\WINDOWS\SYSTEM32\ncrypt.dll
0x00007fff919d0000 - 0x00007fff91a0f000 	C:\WINDOWS\SYSTEM32\NTASN1.dll
0x00007fff63570000 - 0x00007fff63578000 	C:\WINDOWS\system32\wshunix.dll
0x0000000053830000 - 0x00000000538a3000 	C:\Users\anshu\AppData\Local\Temp\native-platform16979435006007147731dir\gradle-fileevents.dll
0x00007fff8bfa0000 - 0x00007fff8bfa7000 	C:\Program Files\Java\jdk-17\bin\rmi.dll

dbghelp: loaded successfully - version: 4.0.5 - missing functions: none
symbol engine: initialized successfully - sym options: 0x614 - pdb path: .;C:\Program Files\Java\jdk-17\bin;C:\WINDOWS\SYSTEM32;C:\WINDOWS\WinSxS\amd64_microsoft.windows.common-controls_6595b64144ccf1df_6.0.26100.8972_none_3e0da176e32f9d4b;C:\Program Files\Java\jdk-17\bin\server;C:\Users\anshu\.gradle\native\1def1411415f61bf3af743bc5b6707747c0891f09f0c88961ee8f79bc544acac\windows-amd64;C:\Users\anshu\.gradle\native\0.2.5\x86_64-windows-gnu;C:\Users\anshu\AppData\Local\Temp\native-platform16979435006007147731dir

VM Arguments:
jvm_args: --add-opens=java.base/java.lang=ALL-UNNAMED --add-opens=java.base/java.lang.invoke=ALL-UNNAMED --add-opens=java.base/java.util=ALL-UNNAMED --add-opens=java.prefs/java.util.prefs=ALL-UNNAMED --add-exports=jdk.compiler/com.sun.tools.javac.api=ALL-UNNAMED --add-exports=jdk.compiler/com.sun.tools.javac.util=ALL-UNNAMED --add-opens=java.base/java.util=ALL-UNNAMED --add-opens=java.prefs/java.util.prefs=ALL-UNNAMED --add-opens=java.base/java.nio.charset=ALL-UNNAMED --add-opens=java.base/java.net=ALL-UNNAMED --add-opens=java.base/java.util.concurrent.atomic=ALL-UNNAMED --add-opens=java.xml/javax.xml.namespace=ALL-UNNAMED -XX:MaxMetaspaceSize=4G -XX:ReservedCodeCacheSize=512m -XX:+HeapDumpOnOutOfMemoryError -Xmx8G -Dfile.encoding=UTF-8 -Duser.country=IN -Duser.language=en -Duser.variant -javaagent:C:\Users\anshu\.gradle\wrapper\dists\gradle-8.12-all\ejduaidbjup3bmmkhw3rie4zb\gradle-8.12\lib\agents\gradle-instrumentation-agent-8.12.jar 
java_command: org.gradle.launcher.daemon.bootstrap.GradleDaemon 8.12
java_class_path (initial): C:\Users\anshu\.gradle\wrapper\dists\gradle-8.12-all\ejduaidbjup3bmmkhw3rie4zb\gradle-8.12\lib\gradle-daemon-main-8.12.jar
Launcher Type: SUN_STANDARD

[Global flags]
     intx CICompilerCount                          = 4                                         {product} {ergonomic}
     uint ConcGCThreads                            = 3                                         {product} {ergonomic}
     uint G1ConcRefinementThreads                  = 10                                        {product} {ergonomic}
   size_t G1HeapRegionSize                         = 4194304                                   {product} {ergonomic}
    uintx GCDrainStackTargetSize                   = 64                                        {product} {ergonomic}
     bool HeapDumpOnOutOfMemoryError               = true                                   {manageable} {command line}
   size_t InitialHeapSize                          = 125829120                                 {product} {ergonomic}
   size_t MarkStackSize                            = 4194304                                   {product} {ergonomic}
   size_t MaxHeapSize                              = 8589934592                                {product} {command line}
   size_t MaxMetaspaceSize                         = 4294967296                                {product} {command line}
   size_t MaxNewSize                               = 5150605312                                {product} {ergonomic}
   size_t MinHeapDeltaBytes                        = 4194304                                   {product} {ergonomic}
   size_t MinHeapSize                              = 8388608                                   {product} {ergonomic}
    uintx NonNMethodCodeHeapSize                   = 5839372                                {pd product} {ergonomic}
    uintx NonProfiledCodeHeapSize                  = 265515770                              {pd product} {ergonomic}
    uintx ProfiledCodeHeapSize                     = 265515770                              {pd product} {ergonomic}
    uintx ReservedCodeCacheSize                    = 536870912                              {pd product} {command line}
     bool SegmentedCodeCache                       = true                                      {product} {ergonomic}
   size_t SoftMaxHeapSize                          = 8589934592                             {manageable} {ergonomic}
   double SweeperThreshold                         = 0.234375                                  {product} {ergonomic}
     bool UseCompressedClassPointers               = true                           {product lp64_product} {ergonomic}
     bool UseCompressedOops                        = true                           {product lp64_product} {ergonomic}
     bool UseG1GC                                  = true                                      {product} {ergonomic}
     bool UseLargePagesIndividualAllocation        = false                                  {pd product} {ergonomic}

Logging:
Log output configuration:
 #0: stdout all=warning uptime,level,tags
 #1: stderr all=off uptime,level,tags

Environment Variables:
JAVA_HOME=C:\Program Files\Java\jdk-17
PATH=C:\Program Files\Java\jdk-17\bin;C:\Program Files\Android\Android Studio\jbr\bin;C:\WINDOWS\system32;C:\WINDOWS;C:\WINDOWS\System32\Wbem;C:\WINDOWS\System32\WindowsPowerShell\v1.0\;C:\WINDOWS\System32\OpenSSH\;C:\MinGW\bin;C:\WINDOWS\system32;C:\WINDOWS;C:\WINDOWS\System32\Wbem;C:\WINDOWS\System32\WindowsPowerShell\v1.0\;C:\WINDOWS\System32\OpenSSH\;C:\Users\anshu\AppData\Local\Android\Sdk\platform-tools;C:\Users\anshu\AppData\Local\Programs\Python\Python313;C:\Users\anshu\AppData\Roaming\npm;C:\Users\anshu\AppData\Local\nvm;C:\nvm4w\nodejs;C:\Program Files\dotnet\;C:\src\Git\cmd;C:\src\Git\mingw64\bin;C:\src\Git\usr\bin;C:\src\flutter\bin;C:\src\flutter;C:\Users\anshu\.local\bin;C:\Users\anshu\anaconda3;C:\Users\anshu\anaconda3\Library\mingw-w64\bin;C:\Users\anshu\anaconda3\Library\usr\bin;C:\Users\anshu\anaconda3\Library\bin;C:\Users\anshu\anaconda3\Scripts;C:\Users\anshu\AppData\Local\Programs\Python\Python313\Scripts\;C:\Users\anshu\AppData\Local\Programs\Python\Python313\;C:\Users\anshu\AppData\Local\Microsoft\WindowsApps;C:\Users\anshu\AppData\Local\Programs\Microsoft VS Code\bin;C:\Users\anshu\AppData\Local\Pub\Cache\bin;C:\Users\anshu\AppData\Roaming\npm;C:\Users\anshu\AppData\Local\nvm;C:\nvm4w\nodejs;C:\Users\anshu\.dotnet\tools;C:\Program Files\Java\jdk-17\bin;C:\Users\anshu\AppData\Local\Programs\Antigravity IDE\bin
USERNAME=anshu
OS=Windows_NT
PROCESSOR_IDENTIFIER=AMD64 Family 23 Model 104 Stepping 1, AuthenticAMD



---------------  S Y S T E M  ---------------

OS:
 Windows 11 , 64 bit Build 26100 (10.0.26100.8972)
OS uptime: 0 days 6:19 hours
Hyper-V role detected

CPU: total 12 (initial active 12) (12 cores per cpu, 2 threads per core) family 23 model 104 stepping 1 microcode 0x8608109, cx8, cmov, fxsr, ht, mmx, 3dnowpref, sse, sse2, sse3, ssse3, sse4a, sse4.1, sse4.2, popcnt, lzcnt, tsc, tscinvbit, avx, avx2, aes, clmul, bmi1, bmi2, adx, sha, fma, vzeroupper, clflush, clflushopt, hv

Memory: 4k page, system-wide physical 7501M (546M free)
TotalPageFile size 30029M (AvailPageFile size 3M)
current process WorkingSet (physical memory assigned to process): 607M, peak: 699M
current process commit charge ("private bytes"): 879M, peak: 883M

vm_info: Java HotSpot(TM) 64-Bit Server VM (17.0.12+8-LTS-286) for windows-amd64 JRE (17.0.12+8-LTS-286), built on Jun  5 2024 06:46:59 by "mach5one" with MS VC++ 17.6 (VS2022)

END.
